2026-08-09T12:45:27.644Z|0x233c|[Licensing::Module] Trying to connect to existing licensing client channel...
2026-08-09T12:45:27.645Z|0x233c|[Licensing::IpcConnector] Successfully connected to: "LicenseClient-ADMIN" at "2026-08-09T12:45:27.6450852Z"
2026-08-09T12:45:27.645Z|0x1d3c|Built from '6000.3/staging' branch; Version is '6000.3.18f1 (5ebeb53e4c07) revision 6209205'; Using compiler version '194234433'; Build Type 'Release'
2026-08-09T12:45:27.646Z|0x1d3c|OS: 'Windows 10  (10.0.19045) 64bit ProfessionalWorkstation' Language: 'en' Physical Memory: 8020 MB
2026-08-09T12:45:27.646Z|0x1d3c|BatchMode: 1, IsHumanControllingUs: 0, StartBugReporterOnCrash: 0, Is64bit: 1
2026-08-09T12:45:27.646Z|0x1d3c|System  architecture: x64
2026-08-09T12:45:27.646Z|0x1d3c|Process architecture: x64
2026-08-09T12:45:27.646Z|0x1d3c|Date: 2026-08-09T12:45:27Z
2026-08-09T12:45:27.864Z|0x1d3c|
COMMAND LINE ARGUMENTS:
2026-08-09T12:45:27.864Z|0x1d3c|C:\Program Files\Unity\Hub\Editor\6000.3.18f1\Editor\Unity.exe
2026-08-09T12:45:27.864Z|0x1d3c|-adb2
2026-08-09T12:45:27.864Z|0x1d3c|-batchMode
2026-08-09T12:45:27.864Z|0x1d3c|-noUpm
2026-08-09T12:45:27.864Z|0x1d3c|-name
2026-08-09T12:45:27.864Z|0x1d3c|AssetImportWorker0
2026-08-09T12:45:27.864Z|0x1d3c|-projectPath
2026-08-09T12:45:27.864Z|0x1d3c|C:/Users/ADMIN/MyData/Unity Documents/Projects/Client
2026-08-09T12:45:27.864Z|0x1d3c|-logFile
2026-08-09T12:45:27.864Z|0x1d3c|Logs/AssetImportWorker0.log
2026-08-09T12:45:27.864Z|0x1d3c|-srvPort
2026-08-09T12:45:27.865Z|0x1d3c|49810
2026-08-09T12:45:27.865Z|0x1d3c|-licensingIpc
2026-08-09T12:45:27.865Z|0x1d3c|LicenseClient-ADMIN
2026-08-09T12:45:27.865Z|0x1d3c|-job-worker-count
2026-08-09T12:45:27.865Z|0x1d3c|3
2026-08-09T12:45:27.865Z|0x1d3c|-background-job-worker-count
2026-08-09T12:45:27.865Z|0x1d3c|8
2026-08-09T12:45:27.865Z|0x1d3c|-gc-helper-count
2026-08-09T12:45:27.865Z|0x1d3c|1
2026-08-09T12:45:27.865Z|0x1d3c|-name
2026-08-09T12:45:27.865Z|0x1d3c|AssetImport
2026-08-09T12:45:27.865Z|0x1d3c|Successfully changed project path to: C:/Users/ADMIN/MyData/Unity Documents/Projects/Client
2026-08-09T12:45:27.868Z|0x1d3c|C:/Users/ADMIN/MyData/Unity Documents/Projects/Client
2026-08-09T12:45:27.869Z|0x1d3c|[UnityMemory] Configuration Parameters - Can be set up in boot.config
2026-08-09T12:45:27.869Z|0x1d3c|    "memorysetup-temp-allocator-size-nav-mesh-worker=65536"
2026-08-09T12:45:27.869Z|0x1d3c|    "memorysetup-temp-allocator-size-audio-worker=65536"
2026-08-09T12:45:27.869Z|0x1d3c|    "memorysetup-temp-allocator-size-gfx=262144"
2026-08-09T12:45:27.869Z|0x1d3c|    "memorysetup-allocator-temp-initial-block-size-main=262144"
2026-08-09T12:45:27.869Z|0x1d3c|    "memorysetup-allocator-temp-initial-block-size-worker=262144"
2026-08-09T12:45:27.869Z|0x1d3c|    "memorysetup-temp-allocator-size-background-worker=32768"
2026-08-09T12:45:27.869Z|0x1d3c|    "memorysetup-temp-allocator-size-job-worker=262144"
2026-08-09T12:45:27.869Z|0x1d3c|    "memorysetup-temp-allocator-size-preload-manager=33554432"
2026-08-09T12:45:27.869Z|0x1d3c|    "memorysetup-temp-allocator-size-gi-baking-worker=262144"
2026-08-09T12:45:27.870Z|0x1d3c|    "memorysetup-temp-allocator-size-gi-baking-worker=262144"
2026-08-09T12:45:27.870Z|0x1d3c|    "memorysetup-temp-allocator-size-gi-baking-worker=262144"
2026-08-09T12:45:27.870Z|0x1d3c|    "memorysetup-temp-allocator-size-gi-baking-worker=262144"
2026-08-09T12:45:27.870Z|0x1d3c|    "memorysetup-temp-allocator-size-gi-baking-worker=262144"
2026-08-09T12:45:27.870Z|0x1d3c|    "memorysetup-bucket-allocator-granularity=16"
2026-08-09T12:45:27.870Z|0x1d3c|    "memorysetup-bucket-allocator-bucket-count=8"
2026-08-09T12:45:27.870Z|0x1d3c|    "memorysetup-bucket-allocator-block-size=33554432"
2026-08-09T12:45:27.870Z|0x1d3c|    "memorysetup-bucket-allocator-block-count=8"
2026-08-09T12:45:27.870Z|0x1d3c|    "memorysetup-main-allocator-block-size=16777216"
2026-08-09T12:45:27.870Z|0x1d3c|    "memorysetup-thread-allocator-block-size=16777216"
2026-08-09T12:45:27.870Z|0x1d3c|    "memorysetup-gfx-main-allocator-block-size=16777216"
2026-08-09T12:45:27.870Z|0x1d3c|    "memorysetup-gfx-thread-allocator-block-size=16777216"
2026-08-09T12:45:27.870Z|0x1d3c|    "memorysetup-cache-allocator-block-size=4194304"
2026-08-09T12:45:27.870Z|0x1d3c|    "memorysetup-typetree-allocator-block-size=2097152"
2026-08-09T12:45:27.870Z|0x1d3c|    "memorysetup-profiler-bucket-allocator-granularity=16"
2026-08-09T12:45:27.870Z|0x1d3c|    "memorysetup-profiler-bucket-allocator-bucket-count=8"
2026-08-09T12:45:27.870Z|0x1d3c|    "memorysetup-profiler-bucket-allocator-block-size=33554432"
2026-08-09T12:45:27.870Z|0x1d3c|    "memorysetup-profiler-bucket-allocator-block-count=8"
2026-08-09T12:45:27.870Z|0x1d3c|    "memorysetup-profiler-allocator-block-size=16777216"
2026-08-09T12:45:27.870Z|0x1d3c|    "memorysetup-profiler-editor-allocator-block-size=1048576"
2026-08-09T12:45:27.870Z|0x1d3c|    "memorysetup-temp-allocator-size-main=16777216"
2026-08-09T12:45:27.870Z|0x1d3c|    "memorysetup-job-temp-allocator-block-size=2097152"
2026-08-09T12:45:27.870Z|0x1d3c|    "memorysetup-job-temp-allocator-block-size-background=1048576"
2026-08-09T12:45:27.870Z|0x1d3c|    "memorysetup-job-temp-allocator-reduction-small-platforms=262144"
2026-08-09T12:45:27.870Z|0x1d3c|    "memorysetup-temp-allocator-size-cloud-worker=32768"
2026-08-09T12:45:27.883Z|0x1d3c|Player connection [7484]  Target information:

2026-08-09T12:45:27.883Z|0x1d3c|Player connection [7484]  * "[IP] 169.254.172.195 [Port] 0 [Flags] 2 [Guid] 1320879470 [EditorId] 1320879470 [Version] 1048832 [Id] WindowsEditor(7,phuong) [Debug] 1 [PackageName] WindowsEditor [ProjectName] Editor" 

2026-08-09T12:45:27.883Z|0x1d3c|Player connection [7484]  * "[IP] 192.168.197.1 [Port] 0 [Flags] 2 [Guid] 1320879470 [EditorId] 1320879470 [Version] 1048832 [Id] WindowsEditor(7,phuong) [Debug] 1 [PackageName] WindowsEditor [ProjectName] Editor" 

2026-08-09T12:45:27.883Z|0x1d3c|Player connection [7484]  * "[IP] 192.168.0.105 [Port] 0 [Flags] 2 [Guid] 1320879470 [EditorId] 1320879470 [Version] 1048832 [Id] WindowsEditor(7,phuong) [Debug] 1 [PackageName] WindowsEditor [ProjectName] Editor" 

2026-08-09T12:45:27.889Z|0x1d3c|Player connection [7484] Host joined multi-casting on [225.0.0.222:54997]...
2026-08-09T12:45:27.889Z|0x1d3c|Player connection [7484] Host joined alternative multi-casting on [225.0.0.222:34997]...
2026-08-09T12:45:27.890Z|0x1d3c|JobSystem: Creating JobQueue using job-worker-count value 3
2026-08-09T12:45:27.911Z|0x1d3c|Input System module state changed to: Initialized.
2026-08-09T12:45:27.916Z|0x1d3c|[Physics::Module] Initialized fallback backend.
2026-08-09T12:45:27.916Z|0x1d3c|[Physics::Module] Id: 0xdecafbad
2026-08-09T12:45:28.119Z|0x1d3c|Library Redirect Path: Library/
2026-08-09T12:45:28.386Z|0x1d3c|[Physics::Module] Selected backend.
2026-08-09T12:45:28.386Z|0x1d3c|[Physics::Module] Name: PhysX
2026-08-09T12:45:28.386Z|0x1d3c|[Physics::Module] Id: 0xf2b8ea05
2026-08-09T12:45:28.386Z|0x1d3c|[Physics::Module] SDK Version: 4.1.2
2026-08-09T12:45:28.386Z|0x1d3c|[Physics::Module] Integration Version: 1.0.0
2026-08-09T12:45:28.386Z|0x1d3c|[Physics::Module] Threading Mode: Multi-Threaded
2026-08-09T12:45:28.424Z|0x1d3c|[Licensing::Module] Licensing is not yet initialized.
2026-08-09T12:45:30.634Z|0x233c|[Licensing::Client] Error: HandshakeResponse reported an error:
	ResponseCode: 505
	ResponseStatus: Unsupported protocol version '1.18.1'.
2026-08-09T12:45:30.634Z|0x233c|[Licensing::Module] Error: Failed to handshake to channel: "LicenseClient-ADMIN"
2026-08-09T12:45:30.634Z|0x233c|[Licensing::IpcConnector] LicenseClient-ADMIN channel disconnected successfully.
2026-08-09T12:45:30.634Z|0x233c|[Licensing::IpcConnector] Successfully connected to: "LicenseClient-ADMIN-6000.3.18" at "2026-08-09T12:45:30.6345362Z"
2026-08-09T12:45:30.728Z|0x233c|[Licensing::Client] Code 10 while verifying Licensing Client signature (process Id: 1616, path: "C:/Program Files/Unity/Hub/Editor/6000.3.18f1/Editor/Data/Resources/Licensing/Client/Unity.Licensing.Client.exe")
2026-08-09T12:45:30.728Z|0x233c|[Licensing::Module] LicensingClient has failed validation; ignoring
2026-08-09T12:45:30.737Z|0x233c|[Licensing::Client] Handshaking with LicensingClient:
  Version:                 1.18.1+9fbee8e
  Session Id:              ab755658193644ce8738b0d9909a2dc9
  Correlation Id:          3832a26c187728c8c5c7725773ef393a
  External correlation Id: 4800803321523448322
  Machine Id:              4N+hh32i5zaG9+iECve3BFa0KWM=
2026-08-09T12:45:30.738Z|0x233c|[Licensing::Module] Successfully connected to LicensingClient on channel: "LicenseClient-ADMIN-6000.3.18" (connect: 0.00s, validation: 0.01s, handshake: 0.09s)
2026-08-09T12:45:30.743Z|0x233c|[Licensing::IpcConnector] Successfully connected to: "LicenseClient-ADMIN-6000.3.18-notifications" at "2026-08-09T12:45:30.7437475Z"
2026-08-09T12:45:30.743Z|0x233c|[Licensing::Module] Licensing Background thread has ended after 3.10s
2026-08-09T12:45:30.743Z|0x1d3c|[Licensing::Module] Licensing is initialized (took 2.32s).
2026-08-09T12:45:30.764Z|0x1d3c|[Licensing::Client] Successfully resolved entitlement details
2026-08-09T12:45:30.764Z|0x1d3c|[Licensing::Module] License group:
  Id: 18967735058508-UnityPersXXXX
  Product: Unity Personal
  Type: Assigned
  Expiration: Unlimited
2026-08-09T12:45:30.868Z|0x1d3c|Refreshing native plugins compatible for Editor in 103.67 ms, found 4 plugins.
2026-08-09T12:45:30.868Z|0x1d3c|Preloading 0 native plugins for Editor in 0.00 ms.
2026-08-09T12:45:30.869Z|0x1d3c|Initialize engine version: 6000.3.18f1 (5ebeb53e4c07)
2026-08-09T12:45:30.870Z|0x1d3c|[Subsystems] Discovering subsystems at path C:/Program Files/Unity/Hub/Editor/6000.3.18f1/Editor/Data/Resources/UnitySubsystems
2026-08-09T12:45:30.870Z|0x1d3c|[Subsystems] Discovering subsystems at path C:/Users/ADMIN/MyData/Unity Documents/Projects/Client/Assets
2026-08-09T12:45:30.877Z|0x1d3c|GfxDevice: creating device client; kGfxThreadingModeNonThreaded
2026-08-09T12:45:31.358Z|0x1d3c|Direct3D:
2026-08-09T12:45:31.358Z|0x1d3c|    Version:  Direct3D 11.0 [level 11.0]
2026-08-09T12:45:31.359Z|0x1d3c|    Renderer: NVIDIA Quadro M1200 (ID=0x13b6)
2026-08-09T12:45:31.359Z|0x1d3c|    Vendor:   NVIDIA
2026-08-09T12:45:31.359Z|0x1d3c|    VRAM:     4044 MB
2026-08-09T12:45:31.359Z|0x1d3c|    Driver:   32.0.15.7276
2026-08-09T12:45:31.785Z|0x1d3c|Initialize mono
2026-08-09T12:45:31.785Z|0x1d3c|Mono path[0] = 'C:/Program Files/Unity/Hub/Editor/6000.3.18f1/Editor/Data/Managed'
2026-08-09T12:45:31.785Z|0x1d3c|Mono path[1] = 'C:/Program Files/Unity/Hub/Editor/6000.3.18f1/Editor/Data/MonoBleedingEdge/lib/mono/unityjit-win32'
2026-08-09T12:45:31.785Z|0x1d3c|Mono config path = 'C:/Program Files/Unity/Hub/Editor/6000.3.18f1/Editor/Data/MonoBleedingEdge/etc'
2026-08-09T12:45:31.786Z|0x1d3c|Using monoOptions --debugger-agent=transport=dt_socket,embedding=1,server=y,suspend=n,address=127.0.0.1:56396
2026-08-09T12:45:32.435Z|0x1d3c|Begin MonoManager ReloadAssembly
2026-08-09T12:45:34.413Z|0x1d3c|Registering precompiled unity dll's ...
2026-08-09T12:45:34.416Z|0x1d3c|Register platform support module: C:/Program Files/Unity/Hub/Editor/6000.3.18f1/Editor/Data/PlaybackEngines/WindowsStandaloneSupport/UnityEditor.WindowsStandalone.Extensions.dll
2026-08-09T12:45:34.418Z|0x1d3c|Register platform support module: C:/Program Files/Unity/Hub/Editor/6000.3.18f1/Editor/Data/PlaybackEngines/AndroidPlayer/UnityEditor.Android.Extensions.dll
2026-08-09T12:45:34.422Z|0x1d3c|Registered in 0.008198 seconds.
2026-08-09T12:45:37.098Z|0x1d3c|- Loaded All Assemblies, in  4.663 seconds
2026-08-09T12:45:37.274Z|0x1d3c|Native extension for Android target not found
2026-08-09T12:45:37.284Z|0x1d3c|Native extension for WindowsStandalone target not found
2026-08-09T12:45:37.840Z|0x1d3c|Package Manager log level set to [2]
2026-08-09T12:45:37.840Z|0x1d3c|[Package Manager] Failed to launch server process. Reason: Unity was launched with the -noUpm command-line argument
2026-08-09T12:45:37.840Z|0x1d3c|[Package Manager] Unable to send message (not connected to server process).
2026-08-09T12:45:37.840Z|0x1d3c|[Package Manager] Cannot connect to Unity Package Manager local server
2026-08-09T12:45:38.116Z|0x1d3c|ScheduleIndexationOnStartup MainProcess:False IndexOnStartup:True
Mono: successfully reloaded assembly
2026-08-09T12:45:38.204Z|0x1d3c|- Finished resetting the current domain, in  1.106 seconds
2026-08-09T12:45:38.210Z|0x1d3c|Domain Reload Profiling: 5764ms
	BeginReloadAssembly (746ms)
		ExecutionOrderSort (0ms)
		DisableScriptedObjects (0ms)
		BackupInstance (0ms)
		ReleaseScriptingObjects (0ms)
		CreateAndSetChildDomain (3ms)
	RebuildCommonClasses (1154ms)
	RebuildNativeTypeToScriptingClass (32ms)
	initialDomainReloadingComplete (116ms)
	LoadAllAssembliesAndSetupDomain (2607ms)
		LoadAssemblies (751ms)
		RebuildTransferFunctionScriptingTraits (0ms)
		AnalyzeDomain (2584ms)
			TypeCache.Refresh (2574ms)
				TypeCache.ScanAssembly (1932ms)
			BuildScriptInfoCaches (2ms)
			ResolveRequiredComponents (6ms)
	FinalizeReload (1109ms)
		ReleaseScriptCaches (0ms)
		RebuildScriptCaches (0ms)
		SetupLoadedEditorAssemblies (1012ms)
			LogAssemblyErrors (0ms)
			InitializePlatformSupportModulesInManaged (133ms)
			SetLoadedEditorAssemblies (9ms)
			BeforeProcessingInitializeOnLoad (196ms)
			ProcessInitializeOnLoadAttributes (358ms)
			ProcessInitializeOnLoadMethodAttributes (313ms)
			AfterProcessingInitializeOnLoad (0ms)
			EditorAssembliesLoaded (2ms)
		ExecutionOrderSort2 (0ms)
		AwakeInstancesAfterBackupRestoration (0ms)
2026-08-09T12:45:39.704Z|0x1d3c|========================================================================
2026-08-09T12:45:39.704Z|0x1d3c|Worker process is ready to serve import requests
2026-08-09T12:45:39.706Z|0x1d3c|Import Worker Mode flag is 0x00
2026-08-09T12:45:40.036Z|0x1d3c|Begin MonoManager ReloadAssembly
2026-08-09T12:45:40.040Z|0x1d3c|[Licensing::Client] Successfully resolved entitlement details
Symbol file LoadedFromMemory is not a mono symbol file
2026-08-09T12:45:55.434Z|0x1d3c|- Loaded All Assemblies, in 15.397 seconds
Could not load signature of PlayerManager:CreatePlayer due to: Could not load file or assembly 'MyLibrary, Version=1.0.0.0, Culture=neutral, PublicKeyToken=null' or one of its dependencies.
Could not load signature of MessageHandler:ByteToType due to: Could not load file or assembly 'MyLibrary, Version=1.0.0.0, Culture=neutral, PublicKeyToken=null' or one of its dependencies.
Could not load signature of MessageHandler:ByteToType due to: Could not load file or assembly 'MyLibrary, Version=1.0.0.0, Culture=neutral, PublicKeyToken=null' or one of its dependencies.
Could not load signature of MessageHandler:HandleOneMessage due to: Could not load file or assembly 'MyLibrary, Version=1.0.0.0, Culture=neutral, PublicKeyToken=null' or one of its dependencies.
2026-08-09T12:45:55.879Z|0x1d3c|Refreshing native plugins compatible for Editor in 7.04 ms, found 4 plugins.
Could not load signature of MessageHandler:ByteToType due to: Could not load file or assembly 'MyLibrary, Version=1.0.0.0, Culture=neutral, PublicKeyToken=null' or one of its dependencies.
Could not load signature of MessageHandler:ByteToType due to: Could not load file or assembly 'MyLibrary, Version=1.0.0.0, Culture=neutral, PublicKeyToken=null' or one of its dependencies.
Could not load signature of MessageHandler:HandleOneMessage due to: Could not load file or assembly 'MyLibrary, Version=1.0.0.0, Culture=neutral, PublicKeyToken=null' or one of its dependencies.
Could not load signature of PlayerManager:CreatePlayer due to: Could not load file or assembly 'MyLibrary, Version=1.0.0.0, Culture=neutral, PublicKeyToken=null' or one of its dependencies.
2026-08-09T12:45:56.067Z|0x1d3c|Native extension for Android target not found
2026-08-09T12:45:56.078Z|0x1d3c|Native extension for WindowsStandalone target not found
2026-08-09T12:45:56.733Z|0x1d3c|[Package Manager] Failed to launch server process. Reason: Unity was launched with the -noUpm command-line argument
2026-08-09T12:45:56.733Z|0x1d3c|[Package Manager] Unable to send message (not connected to server process).
2026-08-09T12:45:56.734Z|0x1d3c|[Package Manager] Cannot connect to Unity Package Manager local server
2026-08-09T12:45:56.943Z|0x1d3c|Refreshing native plugins compatible for Editor in 3.84 ms, found 4 plugins.
2026-08-09T12:45:57.250Z|0x1d3c|[Package Manager] Failed to launch server process. Reason: Unity was launched with the -noUpm command-line argument
2026-08-09T12:45:57.250Z|0x1d3c|[Package Manager] Unable to send message (not connected to server process).
2026-08-09T12:45:57.250Z|0x1d3c|[Package Manager] Cannot connect to Unity Package Manager local server
2026-08-09T12:45:57.734Z|0x1d3c|ScheduleIndexationOnStartup MainProcess:False IndexOnStartup:True
Mono: successfully reloaded assembly
2026-08-09T12:45:57.835Z|0x1d3c|- Finished resetting the current domain, in  1.949 seconds
2026-08-09T12:45:57.836Z|0x1d3c|Domain Reload Profiling: 17330ms
	BeginReloadAssembly (431ms)
		ExecutionOrderSort (0ms)
		DisableScriptedObjects (16ms)
		BackupInstance (0ms)
		ReleaseScriptingObjects (0ms)
		CreateAndSetChildDomain (49ms)
	RebuildCommonClasses (75ms)
	RebuildNativeTypeToScriptingClass (29ms)
	initialDomainReloadingComplete (84ms)
	LoadAllAssembliesAndSetupDomain (14761ms)
		LoadAssemblies (13372ms)
		RebuildTransferFunctionScriptingTraits (0ms)
		AnalyzeDomain (1667ms)
			TypeCache.Refresh (1547ms)
				TypeCache.ScanAssembly (1517ms)
			BuildScriptInfoCaches (103ms)
			ResolveRequiredComponents (11ms)
	FinalizeReload (1950ms)
		ReleaseScriptCaches (0ms)
		RebuildScriptCaches (0ms)
		SetupLoadedEditorAssemblies (1716ms)
			LogAssemblyErrors (0ms)
			InitializePlatformSupportModulesInManaged (19ms)
			SetLoadedEditorAssemblies (10ms)
			BeforeProcessingInitializeOnLoad (436ms)
			ProcessInitializeOnLoadAttributes (1141ms)
			ProcessInitializeOnLoadMethodAttributes (96ms)
			AfterProcessingInitializeOnLoad (14ms)
			EditorAssembliesLoaded (0ms)
		ExecutionOrderSort2 (0ms)
		AwakeInstancesAfterBackupRestoration (12ms)
2026-08-09T12:45:58.522Z|0x1d3c|Launched and connected shader compiler UnityShaderCompiler.exe after 0.08 seconds
2026-08-09T12:45:59.903Z|0x1d3c|Refreshing native plugins compatible for Editor in 4.25 ms, found 4 plugins.
2026-08-09T12:45:59.903Z|0x1d3c|Preloading 0 native plugins for Editor in 0.00 ms.
2026-08-09T12:45:59.906Z|0x41a0|Unloading 0 Unused Serialized files (Serialized files now loaded: 0)
2026-08-09T12:45:59.922Z|0x1d3c|Unloading 3929 unused Assets / (1.3 MB). Loaded Objects now: 4508.
Memory consumption went from 95.6 MB to 94.3 MB.
2026-08-09T12:45:59.922Z|0x1d3c|Total: 15.473200 ms (FindLiveObjects: 0.967200 ms CreateObjectMapping: 1.958600 ms MarkObjects: 9.765600 ms  DeleteObjects: 2.780000 ms)

2026-08-09T12:45:59.923Z|0x1d3c|========================================================================
Received Import Request.
  Time since last request: 2311.837519 seconds.
  path: Assets/Plugins/Library/MyLibrary.dll
  artifactKey: Guid(45014a2cad221f1499c9709afdc1dd50) Importer(815301076,1909f56bfc062723c751e8b465ee728b)
2026-08-09T12:45:59.925Z|0x1d3c|Start importing Assets/Plugins/Library/MyLibrary.dll using Guid(45014a2cad221f1499c9709afdc1dd50) Importer(815301076,1909f56bfc062723c751e8b465ee728b) (PreviewImporter) -> (artifact id: 'f08e9df3dce2846a4a38b9c35613992c') in 0.0309473 seconds
2026-08-09T12:45:59.958Z|0x1d3c|Number of updated asset objects reloaded before import = 0Number of asset objects unloaded after import = 0

2026-08-09T12:48:08.316Z|0x1d3c|========================================================================
2026-08-09T12:48:08.316Z|0x1d3c|Received Prepare
Could not load signature of PlayerManager:CreatePlayer due to: Could not load file or assembly 'MyLibrary, Version=1.0.0.0, Culture=neutral, PublicKeyToken=null' or one of its dependencies.
Could not load signature of MessageHandler:ByteToType due to: Could not load file or assembly 'MyLibrary, Version=1.0.0.0, Culture=neutral, PublicKeyToken=null' or one of its dependencies.
Could not load signature of MessageHandler:ByteToType due to: Could not load file or assembly 'MyLibrary, Version=1.0.0.0, Culture=neutral, PublicKeyToken=null' or one of its dependencies.
Could not load signature of MessageHandler:HandleOneMessage due to: Could not load file or assembly 'MyLibrary, Version=1.0.0.0, Culture=neutral, PublicKeyToken=null' or one of its dependencies.
2026-08-09T12:48:08.512Z|0x1d3c|Refreshing native plugins compatible for Editor in 14.40 ms, found 4 plugins.
2026-08-09T12:48:08.512Z|0x1d3c|Preloading 0 native plugins for Editor in 0.00 ms.
2026-08-09T12:48:08.512Z|0x41a0|Unloading 0 Unused Serialized files (Serialized files now loaded: 0)
2026-08-09T12:48:08.526Z|0x1d3c|Unloading 3914 unused Assets / (1.1 MB). Loaded Objects now: 4510.
Memory consumption went from 95.0 MB to 93.9 MB.
2026-08-09T12:48:08.526Z|0x1d3c|Total: 13.888600 ms (FindLiveObjects: 0.987300 ms CreateObjectMapping: 1.024900 ms MarkObjects: 9.991800 ms  DeleteObjects: 1.882400 ms)

2026-08-09T12:48:08.526Z|0x1d3c|Prepare: number of updated asset objects reloaded= 0
2026-08-09T12:49:16.529Z|0x1d3c|========================================================================
2026-08-09T12:49:16.529Z|0x1d3c|Received Prepare
Could not load signature of PlayerManager:CreatePlayer due to: Could not load file or assembly 'MyLibrary, Version=1.0.0.0, Culture=neutral, PublicKeyToken=null' or one of its dependencies.
Could not load signature of MessageHandler:ByteToType due to: Could not load file or assembly 'MyLibrary, Version=1.0.0.0, Culture=neutral, PublicKeyToken=null' or one of its dependencies.
Could not load signature of MessageHandler:ByteToType due to: Could not load file or assembly 'MyLibrary, Version=1.0.0.0, Culture=neutral, PublicKeyToken=null' or one of its dependencies.
Could not load signature of MessageHandler:HandleOneMessage due to: Could not load file or assembly 'MyLibrary, Version=1.0.0.0, Culture=neutral, PublicKeyToken=null' or one of its dependencies.
2026-08-09T12:49:16.656Z|0x1d3c|Refreshing native plugins compatible for Editor in 6.80 ms, found 4 plugins.
2026-08-09T12:49:16.656Z|0x1d3c|Preloading 0 native plugins for Editor in 0.00 ms.
2026-08-09T12:49:16.656Z|0x41a0|Unloading 0 Unused Serialized files (Serialized files now loaded: 0)
2026-08-09T12:49:16.669Z|0x1d3c|Unloading 3915 unused Assets / (1.3 MB). Loaded Objects now: 4510.
Memory consumption went from 95.0 MB to 93.7 MB.
2026-08-09T12:49:16.669Z|0x1d3c|Total: 12.967000 ms (FindLiveObjects: 0.734200 ms CreateObjectMapping: 0.650400 ms MarkObjects: 9.776400 ms  DeleteObjects: 1.804200 ms)

2026-08-09T12:49:16.669Z|0x1d3c|Prepare: number of updated asset objects reloaded= 0
2026-08-09T12:49:18.226Z|0x1d3c|========================================================================
Received Import Request.
  Time since last request: 198.267848 seconds.
  path: Assets/Plugins/Library/NewMyLib.dll
  artifactKey: Guid(dc9018e70bb09934da3c482250c840bf) Importer(2089858483,d624ce77472d68a35037170ec1d2d27e)
2026-08-09T12:49:18.227Z|0x1d3c|Start importing Assets/Plugins/Library/NewMyLib.dll using Guid(dc9018e70bb09934da3c482250c840bf) Importer(2089858483,d624ce77472d68a35037170ec1d2d27e) (ScriptedImporter) -> (artifact id: '58ed8c99aa9d2d57a4d3a121a6da0f83') in 0.2192331 seconds
2026-08-09T12:49:18.459Z|0x1d3c|Number of updated asset objects reloaded before import = 0Number of asset objects unloaded after import = 0

2026-08-09T12:49:31.918Z|0x1d3c|========================================================================
Received Import Request.
  Time since last request: 13.458730 seconds.
  path: Assets/Plugins/Library/NewMyLib.dll
  artifactKey: Guid(dc9018e70bb09934da3c482250c840bf) Importer(815301076,1909f56bfc062723c751e8b465ee728b)
2026-08-09T12:49:31.918Z|0x1d3c|Start importing Assets/Plugins/Library/NewMyLib.dll using Guid(dc9018e70bb09934da3c482250c840bf) Importer(815301076,1909f56bfc062723c751e8b465ee728b) (PreviewImporter) -> (artifact id: 'a67e908b5ff99f2fbf367f3ba89703d2') in 0.0013661 seconds
2026-08-09T12:49:31.921Z|0x1d3c|Number of updated asset objects reloaded before import = 0Number of asset objects unloaded after import = 0

2026-08-09T12:50:21.159Z|0x1d3c|========================================================================
2026-08-09T12:50:21.159Z|0x1d3c|Received Prepare
Could not load signature of PlayerManager:CreatePlayer due to: Could not load file or assembly 'MyLibrary, Version=1.0.0.0, Culture=neutral, PublicKeyToken=null' or one of its dependencies.
Could not load signature of MessageHandler:ByteToType due to: Could not load file or assembly 'MyLibrary, Version=1.0.0.0, Culture=neutral, PublicKeyToken=null' or one of its dependencies.
Could not load signature of MessageHandler:ByteToType due to: Could not load file or assembly 'MyLibrary, Version=1.0.0.0, Culture=neutral, PublicKeyToken=null' or one of its dependencies.
Could not load signature of MessageHandler:HandleOneMessage due to: Could not load file or assembly 'MyLibrary, Version=1.0.0.0, Culture=neutral, PublicKeyToken=null' or one of its dependencies.
2026-08-09T12:50:21.293Z|0x1d3c|Refreshing native plugins compatible for Editor in 8.05 ms, found 4 plugins.
2026-08-09T12:50:21.293Z|0x1d3c|Preloading 0 native plugins for Editor in 0.00 ms.
2026-08-09T12:50:21.293Z|0x41a0|Unloading 0 Unused Serialized files (Serialized files now loaded: 0)
2026-08-09T12:50:21.305Z|0x1d3c|Unloading 3915 unused Assets / (1.2 MB). Loaded Objects now: 4510.
Memory consumption went from 95.1 MB to 93.8 MB.
2026-08-09T12:50:21.305Z|0x1d3c|Total: 11.701500 ms (FindLiveObjects: 0.676000 ms CreateObjectMapping: 0.686300 ms MarkObjects: 8.375600 ms  DeleteObjects: 1.962700 ms)

2026-08-09T12:50:21.305Z|0x1d3c|Prepare: number of updated asset objects reloaded= 0
2026-08-09T13:31:41.032Z|0x1d3c|========================================================================
2026-08-09T13:31:41.032Z|0x1d3c|Received Prepare
Could not load signature of PlayerManager:CreatePlayer due to: Could not load file or assembly 'MyLibrary, Version=1.0.0.0, Culture=neutral, PublicKeyToken=null' or one of its dependencies.
Could not load signature of MessageHandler:ByteToType due to: Could not load file or assembly 'MyLibrary, Version=1.0.0.0, Culture=neutral, PublicKeyToken=null' or one of its dependencies.
Could not load signature of MessageHandler:ByteToType due to: Could not load file or assembly 'MyLibrary, Version=1.0.0.0, Culture=neutral, PublicKeyToken=null' or one of its dependencies.
Could not load signature of MessageHandler:HandleOneMessage due to: Could not load file or assembly 'MyLibrary, Version=1.0.0.0, Culture=neutral, PublicKeyToken=null' or one of its dependencies.
2026-08-09T13:31:41.180Z|0x1d3c|Refreshing native plugins compatible for Editor in 6.59 ms, found 4 plugins.
2026-08-09T13:31:41.180Z|0x1d3c|Preloading 0 native plugins for Editor in 0.00 ms.
2026-08-09T13:31:41.180Z|0x41a0|Unloading 0 Unused Serialized files (Serialized files now loaded: 0)
2026-08-09T13:31:41.227Z|0x1d3c|Unloading 3914 unused Assets / (464.6 KB). Loaded Objects now: 4510.
Memory consumption went from 95.1 MB to 94.6 MB.
2026-08-09T13:31:41.227Z|0x1d3c|Total: 46.651500 ms (FindLiveObjects: 0.758900 ms CreateObjectMapping: 0.713500 ms MarkObjects: 42.795100 ms  DeleteObjects: 2.380500 ms)

2026-08-09T13:31:41.227Z|0x1d3c|Prepare: number of updated asset objects reloaded= 0
2026-08-09T13:32:13.922Z|0x1d3c|========================================================================
2026-08-09T13:32:13.922Z|0x1d3c|Received Prepare
Could not load signature of PlayerManager:CreatePlayer due to: Could not load file or assembly 'MyLibrary, Version=1.0.0.0, Culture=neutral, PublicKeyToken=null' or one of its dependencies.
Could not load signature of MessageHandler:ByteToType due to: Could not load file or assembly 'MyLibrary, Version=1.0.0.0, Culture=neutral, PublicKeyToken=null' or one of its dependencies.
Could not load signature of MessageHandler:ByteToType due to: Could not load file or assembly 'MyLibrary, Version=1.0.0.0, Culture=neutral, PublicKeyToken=null' or one of its dependencies.
Could not load signature of MessageHandler:HandleOneMessage due to: Could not load file or assembly 'MyLibrary, Version=1.0.0.0, Culture=neutral, PublicKeyToken=null' or one of its dependencies.
2026-08-09T13:32:14.111Z|0x1d3c|Refreshing native plugins compatible for Editor in 6.84 ms, found 4 plugins.
2026-08-09T13:32:14.111Z|0x1d3c|Preloading 0 native plugins for Editor in 0.00 ms.
2026-08-09T13:32:14.111Z|0x41a0|Unloading 0 Unused Serialized files (Serialized files now loaded: 0)
2026-08-09T13:32:14.126Z|0x1d3c|Unloading 3915 unused Assets / (1.3 MB). Loaded Objects now: 4510.
Memory consumption went from 95.1 MB to 93.8 MB.
2026-08-09T13:32:14.126Z|0x1d3c|Total: 14.889500 ms (FindLiveObjects: 0.974100 ms CreateObjectMapping: 0.857300 ms MarkObjects: 10.494300 ms  DeleteObjects: 2.562300 ms)

2026-08-09T13:32:14.126Z|0x1d3c|Prepare: number of updated asset objects reloaded= 0
2026-08-09T13:32:14.928Z|0x1d3c|========================================================================
Received Import Request.
  Time since last request: 2563.007574 seconds.
  path: Assets/Plugins/NewMyLib.dll
  artifactKey: Guid(c9237279fddd0964e8858186dc13b726) Importer(2089858483,d624ce77472d68a35037170ec1d2d27e)
2026-08-09T13:32:14.929Z|0x1d3c|Start importing Assets/Plugins/NewMyLib.dll using Guid(c9237279fddd0964e8858186dc13b726) Importer(2089858483,d624ce77472d68a35037170ec1d2d27e) (ScriptedImporter) -> (artifact id: '0be98b708f07e962c7995c108238fc3e') in 0.0874439 seconds
2026-08-09T13:32:15.019Z|0x1d3c|Number of updated asset objects reloaded before import = 0Number of asset objects unloaded after import = 0

2026-08-09T13:32:20.867Z|0x1d3c|========================================================================
Received Import Request.
  Time since last request: 5.847690 seconds.
  path: Assets/Plugins/NewMyLib.dll
  artifactKey: Guid(c9237279fddd0964e8858186dc13b726) Importer(815301076,1909f56bfc062723c751e8b465ee728b)
2026-08-09T13:32:20.868Z|0x1d3c|Start importing Assets/Plugins/NewMyLib.dll using Guid(c9237279fddd0964e8858186dc13b726) Importer(815301076,1909f56bfc062723c751e8b465ee728b) (PreviewImporter) -> (artifact id: 'fff59ad707e2d629102af87ad2bb10a0') in 0.0029913 seconds
2026-08-09T13:32:20.872Z|0x1d3c|Number of updated asset objects reloaded before import = 0Number of asset objects unloaded after import = 0

2026-08-09T13:35:30.759Z|0x1d3c|========================================================================
2026-08-09T13:35:30.759Z|0x1d3c|Received Prepare
Could not load signature of PlayerManager:CreatePlayer due to: Could not load file or assembly 'MyLibrary, Version=1.0.0.0, Culture=neutral, PublicKeyToken=null' or one of its dependencies.
Could not load signature of MessageHandler:ByteToType due to: Could not load file or assembly 'MyLibrary, Version=1.0.0.0, Culture=neutral, PublicKeyToken=null' or one of its dependencies.
Could not load signature of MessageHandler:ByteToType due to: Could not load file or assembly 'MyLibrary, Version=1.0.0.0, Culture=neutral, PublicKeyToken=null' or one of its dependencies.
Could not load signature of MessageHandler:HandleOneMessage due to: Could not load file or assembly 'MyLibrary, Version=1.0.0.0, Culture=neutral, PublicKeyToken=null' or one of its dependencies.
2026-08-09T13:35:30.974Z|0x1d3c|Refreshing native plugins compatible for Editor in 3.42 ms, found 4 plugins.
2026-08-09T13:35:30.974Z|0x1d3c|Preloading 0 native plugins for Editor in 0.00 ms.
2026-08-09T13:35:30.974Z|0x41a0|Unloading 0 Unused Serialized files (Serialized files now loaded: 0)
2026-08-09T13:35:30.988Z|0x1d3c|Unloading 3915 unused Assets / (1.3 MB). Loaded Objects now: 4510.
Memory consumption went from 95.1 MB to 93.8 MB.
2026-08-09T13:35:30.988Z|0x1d3c|Total: 14.214800 ms (FindLiveObjects: 0.616500 ms CreateObjectMapping: 0.834400 ms MarkObjects: 10.371100 ms  DeleteObjects: 2.390600 ms)

2026-08-09T13:35:30.988Z|0x1d3c|Prepare: number of updated asset objects reloaded= 0
2026-08-09T13:35:31.830Z|0x1d3c|========================================================================
Received Import Request.
  Time since last request: 190.958602 seconds.
  path: Assets/Scripts/UI/PanelChat.cs
  artifactKey: Guid(977c9f49e5c5b7141b124304da6ceae9) Importer(2089858483,d624ce77472d68a35037170ec1d2d27e)
2026-08-09T13:35:31.831Z|0x1d3c|Start importing Assets/Scripts/UI/PanelChat.cs using Guid(977c9f49e5c5b7141b124304da6ceae9) Importer(2089858483,d624ce77472d68a35037170ec1d2d27e) (ScriptedImporter) -> (artifact id: '0984ac6cb6fe61ea22509549a6437259') in 0.1933121 seconds
2026-08-09T13:35:32.027Z|0x1d3c|Number of updated asset objects reloaded before import = 0Number of asset objects unloaded after import = 0

2026-08-09T13:43:40.611Z|0x1d3c|========================================================================
2026-08-09T13:43:40.611Z|0x1d3c|Received Prepare
Could not load signature of PlayerManager:CreatePlayer due to: Could not load file or assembly 'MyLibrary, Version=1.0.0.0, Culture=neutral, PublicKeyToken=null' or one of its dependencies.
Could not load signature of MessageHandler:ByteToType due to: Could not load file or assembly 'MyLibrary, Version=1.0.0.0, Culture=neutral, PublicKeyToken=null' or one of its dependencies.
Could not load signature of MessageHandler:ByteToType due to: Could not load file or assembly 'MyLibrary, Version=1.0.0.0, Culture=neutral, PublicKeyToken=null' or one of its dependencies.
Could not load signature of MessageHandler:HandleOneMessage due to: Could not load file or assembly 'MyLibrary, Version=1.0.0.0, Culture=neutral, PublicKeyToken=null' or one of its dependencies.
2026-08-09T13:43:40.843Z|0x1d3c|Refreshing native plugins compatible for Editor in 4.97 ms, found 4 plugins.
2026-08-09T13:43:40.843Z|0x1d3c|Preloading 0 native plugins for Editor in 0.00 ms.
2026-08-09T13:43:40.844Z|0x41a0|Unloading 0 Unused Serialized files (Serialized files now loaded: 0)
2026-08-09T13:43:40.863Z|0x1d3c|Unloading 3914 unused Assets / (1.0 MB). Loaded Objects now: 4510.
Memory consumption went from 95.1 MB to 94.1 MB.
2026-08-09T13:43:40.863Z|0x1d3c|Total: 18.879400 ms (FindLiveObjects: 1.225300 ms CreateObjectMapping: 1.132700 ms MarkObjects: 14.028400 ms  DeleteObjects: 2.491100 ms)

2026-08-09T13:43:40.864Z|0x1d3c|Prepare: number of updated asset objects reloaded= 0
2026-08-09T13:43:47.984Z|0x1d3c|========================================================================
Received Import Request.
  Time since last request: 495.956788 seconds.
  path: Assets/Plugins
  artifactKey: Guid(55dac92fe7f53284ead081cc6043a814) Importer(815301076,1909f56bfc062723c751e8b465ee728b)
2026-08-09T13:43:47.985Z|0x1d3c|Start importing Assets/Plugins using Guid(55dac92fe7f53284ead081cc6043a814) Importer(815301076,1909f56bfc062723c751e8b465ee728b) (PreviewImporter) -> (artifact id: '67a18d5dc247c78ce8bd93709f627869') in 0.0032663 seconds
2026-08-09T13:43:47.990Z|0x1d3c|Number of updated asset objects reloaded before import = 0Number of asset objects unloaded after import = 0

2026-08-09T13:43:48.855Z|0x1d3c|========================================================================
Received Import Request.
  Time since last request: 0.864753 seconds.
  path: Assets/Plugins/Library
  artifactKey: Guid(fecae1dc7512a6f46b79a4e9c11cc979) Importer(815301076,1909f56bfc062723c751e8b465ee728b)
2026-08-09T13:43:48.855Z|0x1d3c|Start importing Assets/Plugins/Library using Guid(fecae1dc7512a6f46b79a4e9c11cc979) Importer(815301076,1909f56bfc062723c751e8b465ee728b) (PreviewImporter) -> (artifact id: 'e7e229ee3862774839d91bed26ae8c7a') in 0.001066 seconds
2026-08-09T13:43:48.858Z|0x1d3c|Number of updated asset objects reloaded before import = 0Number of asset objects unloaded after import = 0

2026-08-09T13:44:07.085Z|0x1d3c|========================================================================
2026-08-09T13:44:07.085Z|0x1d3c|Received Prepare
Could not load signature of PlayerManager:CreatePlayer due to: Could not load file or assembly 'MyLibrary, Version=1.0.0.0, Culture=neutral, PublicKeyToken=null' or one of its dependencies.
Could not load signature of MessageHandler:ByteToType due to: Could not load file or assembly 'MyLibrary, Version=1.0.0.0, Culture=neutral, PublicKeyToken=null' or one of its dependencies.
Could not load signature of MessageHandler:ByteToType due to: Could not load file or assembly 'MyLibrary, Version=1.0.0.0, Culture=neutral, PublicKeyToken=null' or one of its dependencies.
Could not load signature of MessageHandler:HandleOneMessage due to: Could not load file or assembly 'MyLibrary, Version=1.0.0.0, Culture=neutral, PublicKeyToken=null' or one of its dependencies.
2026-08-09T13:44:07.226Z|0x1d3c|Refreshing native plugins compatible for Editor in 4.34 ms, found 4 plugins.
2026-08-09T13:44:07.226Z|0x1d3c|Preloading 0 native plugins for Editor in 0.00 ms.
2026-08-09T13:44:07.226Z|0x41a0|Unloading 0 Unused Serialized files (Serialized files now loaded: 0)
2026-08-09T13:44:07.240Z|0x1d3c|Unloading 3915 unused Assets / (1.2 MB). Loaded Objects now: 4510.
Memory consumption went from 95.1 MB to 93.9 MB.
2026-08-09T13:44:07.240Z|0x1d3c|Total: 13.547200 ms (FindLiveObjects: 0.736800 ms CreateObjectMapping: 0.816700 ms MarkObjects: 9.540800 ms  DeleteObjects: 2.451500 ms)

2026-08-09T13:44:07.240Z|0x1d3c|Prepare: number of updated asset objects reloaded= 0
2026-08-09T13:44:08.096Z|0x1d3c|========================================================================
Received Import Request.
  Time since last request: 19.237996 seconds.
  path: Assets/Plugins/Library/MyLibrary.dll
  artifactKey: Guid(45014a2cad221f1499c9709afdc1dd50) Importer(2089858483,d624ce77472d68a35037170ec1d2d27e)
2026-08-09T13:44:08.097Z|0x1d3c|Start importing Assets/Plugins/Library/MyLibrary.dll using Guid(45014a2cad221f1499c9709afdc1dd50) Importer(2089858483,d624ce77472d68a35037170ec1d2d27e) (ScriptedImporter) -> (artifact id: 'c317dedd1c11eeb6468123bf8b15f65c') in 0.0282315 seconds
2026-08-09T13:44:08.127Z|0x1d3c|Number of updated asset objects reloaded before import = 0Number of asset objects unloaded after import = 0

2026-08-09T13:45:23.074Z|0x1d3c|========================================================================
2026-08-09T13:45:23.074Z|0x1d3c|Received Prepare
Could not load signature of PlayerManager:CreatePlayer due to: Could not load file or assembly 'MyLibrary, Version=1.0.0.0, Culture=neutral, PublicKeyToken=null' or one of its dependencies.
Could not load signature of MessageHandler:ByteToType due to: Could not load file or assembly 'MyLibrary, Version=1.0.0.0, Culture=neutral, PublicKeyToken=null' or one of its dependencies.
Could not load signature of MessageHandler:ByteToType due to: Could not load file or assembly 'MyLibrary, Version=1.0.0.0, Culture=neutral, PublicKeyToken=null' or one of its dependencies.
Could not load signature of MessageHandler:HandleOneMessage due to: Could not load file or assembly 'MyLibrary, Version=1.0.0.0, Culture=neutral, PublicKeyToken=null' or one of its dependencies.
2026-08-09T13:45:23.296Z|0x1d3c|Refreshing native plugins compatible for Editor in 5.18 ms, found 4 plugins.
2026-08-09T13:45:23.297Z|0x1d3c|Preloading 0 native plugins for Editor in 0.00 ms.
2026-08-09T13:45:23.297Z|0x41a0|Unloading 0 Unused Serialized files (Serialized files now loaded: 0)
2026-08-09T13:45:23.318Z|0x1d3c|Unloading 3915 unused Assets / (0.9 MB). Loaded Objects now: 4510.
Memory consumption went from 95.1 MB to 94.2 MB.
2026-08-09T13:45:23.318Z|0x1d3c|Total: 21.537900 ms (FindLiveObjects: 3.411300 ms CreateObjectMapping: 1.181000 ms MarkObjects: 12.557300 ms  DeleteObjects: 4.386000 ms)

2026-08-09T13:45:23.319Z|0x1d3c|Prepare: number of updated asset objects reloaded= 0
2026-08-09T13:45:24.110Z|0x1d3c|========================================================================
Received Import Request.
  Time since last request: 75.982628 seconds.
  path: Assets/Scripts/UI/PanelChat.cs
  artifactKey: Guid(977c9f49e5c5b7141b124304da6ceae9) Importer(2089858483,d624ce77472d68a35037170ec1d2d27e)
2026-08-09T13:45:24.111Z|0x1d3c|Start importing Assets/Scripts/UI/PanelChat.cs using Guid(977c9f49e5c5b7141b124304da6ceae9) Importer(2089858483,d624ce77472d68a35037170ec1d2d27e) (ScriptedImporter) -> (artifact id: 'e982038c16872284c8ca3d5854e648d8') in 0.0571392 seconds
2026-08-09T13:45:24.174Z|0x1d3c|Number of updated asset objects reloaded before import = 0Number of asset objects unloaded after import = 0

2026-08-09T13:47:03.500Z|0x1d3c|========================================================================
2026-08-09T13:47:03.500Z|0x1d3c|Received Prepare
Could not load signature of PlayerManager:CreatePlayer due to: Could not load file or assembly 'MyLibrary, Version=1.0.0.0, Culture=neutral, PublicKeyToken=null' or one of its dependencies.
Could not load signature of MessageHandler:ByteToType due to: Could not load file or assembly 'MyLibrary, Version=1.0.0.0, Culture=neutral, PublicKeyToken=null' or one of its dependencies.
Could not load signature of MessageHandler:ByteToType due to: Could not load file or assembly 'MyLibrary, Version=1.0.0.0, Culture=neutral, PublicKeyToken=null' or one of its dependencies.
Could not load signature of MessageHandler:HandleOneMessage due to: Could not load file or assembly 'MyLibrary, Version=1.0.0.0, Culture=neutral, PublicKeyToken=null' or one of its dependencies.
2026-08-09T13:47:03.659Z|0x1d3c|Refreshing native plugins compatible for Editor in 3.50 ms, found 4 plugins.
2026-08-09T13:47:03.659Z|0x1d3c|Preloading 0 native plugins for Editor in 0.00 ms.
2026-08-09T13:47:03.659Z|0x41a0|Unloading 0 Unused Serialized files (Serialized files now loaded: 0)
2026-08-09T13:47:03.673Z|0x1d3c|Unloading 3915 unused Assets / (1.3 MB). Loaded Objects now: 4510.
Memory consumption went from 95.1 MB to 93.8 MB.
2026-08-09T13:47:03.673Z|0x1d3c|Total: 14.178400 ms (FindLiveObjects: 0.605900 ms CreateObjectMapping: 0.623000 ms MarkObjects: 10.952700 ms  DeleteObjects: 1.995500 ms)

2026-08-09T13:47:03.673Z|0x1d3c|Prepare: number of updated asset objects reloaded= 0
2026-08-09T13:47:04.517Z|0x1d3c|========================================================================
Received Import Request.
  Time since last request: 100.342003 seconds.
  path: Assets/Scripts/Socket/SocketManager.cs
  artifactKey: Guid(b3d8665fe2f41994d8709cc47d99629c) Importer(2089858483,d624ce77472d68a35037170ec1d2d27e)
2026-08-09T13:47:04.517Z|0x1d3c|Start importing Assets/Scripts/Socket/SocketManager.cs using Guid(b3d8665fe2f41994d8709cc47d99629c) Importer(2089858483,d624ce77472d68a35037170ec1d2d27e) (ScriptedImporter) -> (artifact id: 'b98ee36be971e575d3f48fb5e3e3fbab') in 0.0280414 seconds
2026-08-09T13:47:04.548Z|0x1d3c|Number of updated asset objects reloaded before import = 0Number of asset objects unloaded after import = 0

2026-08-09T13:48:14.193Z|0x1d3c|========================================================================
2026-08-09T13:48:14.193Z|0x1d3c|Received Prepare
2026-08-09T13:48:14.320Z|0x1d3c|[Licensing::Client] Successfully resolved entitlement details
2026-08-09T13:48:14.734Z|0x1d3c|Begin MonoManager ReloadAssembly
2026-08-09T13:48:14.747Z|0x1d3c|[Licensing::Client] Successfully resolved entitlement details
Symbol file LoadedFromMemory is not a mono symbol file
2026-08-09T13:48:25.323Z|0x1d3c|- Loaded All Assemblies, in 10.589 seconds
2026-08-09T13:48:25.960Z|0x1d3c|Refreshing native plugins compatible for Editor in 5.48 ms, found 4 plugins.
2026-08-09T13:48:26.125Z|0x1d3c|Native extension for Android target not found
2026-08-09T13:48:26.136Z|0x1d3c|Native extension for WindowsStandalone target not found
2026-08-09T13:48:26.636Z|0x1d3c|[Package Manager] Failed to launch server process. Reason: Unity was launched with the -noUpm command-line argument
2026-08-09T13:48:26.636Z|0x1d3c|[Package Manager] Unable to send message (not connected to server process).
2026-08-09T13:48:26.636Z|0x1d3c|[Package Manager] Cannot connect to Unity Package Manager local server
2026-08-09T13:48:27.579Z|0x1d3c|[Package Manager] Failed to launch server process. Reason: Unity was launched with the -noUpm command-line argument
2026-08-09T13:48:27.579Z|0x1d3c|[Package Manager] Unable to send message (not connected to server process).
2026-08-09T13:48:27.579Z|0x1d3c|[Package Manager] Cannot connect to Unity Package Manager local server
2026-08-09T13:48:27.641Z|0x1d3c|ScheduleIndexationOnStartup MainProcess:False IndexOnStartup:True
Mono: successfully reloaded assembly
2026-08-09T13:48:27.728Z|0x1d3c|- Finished resetting the current domain, in  1.762 seconds
2026-08-09T13:48:27.729Z|0x1d3c|Domain Reload Profiling: 12357ms
	BeginReloadAssembly (2319ms)
		ExecutionOrderSort (0ms)
		DisableScriptedObjects (164ms)
		BackupInstance (0ms)
		ReleaseScriptingObjects (1ms)
		CreateAndSetChildDomain (662ms)
	RebuildCommonClasses (280ms)
	RebuildNativeTypeToScriptingClass (40ms)
	initialDomainReloadingComplete (223ms)
	LoadAllAssembliesAndSetupDomain (7733ms)
		LoadAssemblies (7997ms)
		RebuildTransferFunctionScriptingTraits (0ms)
		AnalyzeDomain (669ms)
			TypeCache.Refresh (192ms)
				TypeCache.ScanAssembly (123ms)
			BuildScriptInfoCaches (440ms)
			ResolveRequiredComponents (14ms)
	FinalizeReload (1763ms)
		ReleaseScriptCaches (0ms)
		RebuildScriptCaches (0ms)
		SetupLoadedEditorAssemblies (1558ms)
			LogAssemblyErrors (0ms)
			InitializePlatformSupportModulesInManaged (18ms)
			SetLoadedEditorAssemblies (12ms)
			BeforeProcessingInitializeOnLoad (287ms)
			ProcessInitializeOnLoadAttributes (1149ms)
			ProcessInitializeOnLoadMethodAttributes (78ms)
			AfterProcessingInitializeOnLoad (13ms)
			EditorAssembliesLoaded (1ms)
		ExecutionOrderSort2 (0ms)
		AwakeInstancesAfterBackupRestoration (11ms)
2026-08-09T13:48:27.759Z|0x1d3c|Refreshing native plugins compatible for Editor in 4.25 ms, found 4 plugins.
2026-08-09T13:48:27.759Z|0x1d3c|Preloading 0 native plugins for Editor in 0.00 ms.
2026-08-09T13:48:27.764Z|0x2d9c|Unloading 0 Unused Serialized files (Serialized files now loaded: 0)
2026-08-09T13:48:27.775Z|0x1d3c|Unloading 3927 unused Assets / (1.0 MB). Loaded Objects now: 4511.
Memory consumption went from 96.6 MB to 95.6 MB.
2026-08-09T13:48:27.775Z|0x1d3c|Total: 11.142200 ms (FindLiveObjects: 0.963500 ms CreateObjectMapping: 0.601600 ms MarkObjects: 7.785300 ms  DeleteObjects: 1.788700 ms)

2026-08-09T13:48:27.775Z|0x1d3c|Prepare: number of updated asset objects reloaded= 0
