2026-08-09T16:16:40.766Z|0x5ed0|[Licensing::Module] Trying to connect to existing licensing client channel...
2026-08-09T16:16:40.766Z|0x4afc|Built from '6000.3/staging' branch; Version is '6000.3.18f1 (5ebeb53e4c07) revision 6209205'; Using compiler version '194234433'; Build Type 'Release'
2026-08-09T16:16:40.767Z|0x4afc|OS: 'Windows 10  (10.0.19045) 64bit ProfessionalWorkstation' Language: 'en' Physical Memory: 8020 MB
2026-08-09T16:16:40.767Z|0x5ed0|[Licensing::IpcConnector] Successfully connected to: "LicenseClient-ADMIN" at "2026-08-09T16:16:40.7670832Z"
2026-08-09T16:16:40.767Z|0x4afc|BatchMode: 1, IsHumanControllingUs: 0, StartBugReporterOnCrash: 0, Is64bit: 1
2026-08-09T16:16:40.767Z|0x4afc|System  architecture: x64
2026-08-09T16:16:40.767Z|0x4afc|Process architecture: x64
2026-08-09T16:16:40.767Z|0x4afc|Date: 2026-08-09T16:16:40Z
2026-08-09T16:16:40.985Z|0x4afc|
COMMAND LINE ARGUMENTS:
2026-08-09T16:16:40.985Z|0x4afc|C:\Program Files\Unity\Hub\Editor\6000.3.18f1\Editor\Unity.exe
2026-08-09T16:16:40.985Z|0x4afc|-adb2
2026-08-09T16:16:40.986Z|0x4afc|-batchMode
2026-08-09T16:16:40.986Z|0x4afc|-noUpm
2026-08-09T16:16:40.986Z|0x4afc|-name
2026-08-09T16:16:40.986Z|0x4afc|AssetImportWorker0
2026-08-09T16:16:40.986Z|0x4afc|-projectPath
2026-08-09T16:16:40.986Z|0x4afc|C:/Users/ADMIN/MyData/Unity Documents/Projects/Client
2026-08-09T16:16:40.986Z|0x4afc|-logFile
2026-08-09T16:16:40.986Z|0x4afc|Logs/AssetImportWorker0.log
2026-08-09T16:16:40.986Z|0x4afc|-srvPort
2026-08-09T16:16:40.986Z|0x4afc|52788
2026-08-09T16:16:40.986Z|0x4afc|-licensingIpc
2026-08-09T16:16:40.986Z|0x4afc|LicenseClient-ADMIN
2026-08-09T16:16:40.986Z|0x4afc|-job-worker-count
2026-08-09T16:16:40.986Z|0x4afc|3
2026-08-09T16:16:40.986Z|0x4afc|-background-job-worker-count
2026-08-09T16:16:40.986Z|0x4afc|8
2026-08-09T16:16:40.986Z|0x4afc|-gc-helper-count
2026-08-09T16:16:40.986Z|0x4afc|1
2026-08-09T16:16:40.986Z|0x4afc|-name
2026-08-09T16:16:40.986Z|0x4afc|AssetImport
2026-08-09T16:16:40.987Z|0x4afc|Successfully changed project path to: C:/Users/ADMIN/MyData/Unity Documents/Projects/Client
2026-08-09T16:16:40.993Z|0x4afc|C:/Users/ADMIN/MyData/Unity Documents/Projects/Client
2026-08-09T16:16:40.994Z|0x4afc|[UnityMemory] Configuration Parameters - Can be set up in boot.config
2026-08-09T16:16:40.995Z|0x4afc|    "memorysetup-temp-allocator-size-nav-mesh-worker=65536"
2026-08-09T16:16:40.995Z|0x4afc|    "memorysetup-temp-allocator-size-audio-worker=65536"
2026-08-09T16:16:40.995Z|0x4afc|    "memorysetup-temp-allocator-size-gfx=262144"
2026-08-09T16:16:40.995Z|0x4afc|    "memorysetup-allocator-temp-initial-block-size-main=262144"
2026-08-09T16:16:40.995Z|0x4afc|    "memorysetup-allocator-temp-initial-block-size-worker=262144"
2026-08-09T16:16:40.995Z|0x4afc|    "memorysetup-temp-allocator-size-background-worker=32768"
2026-08-09T16:16:40.995Z|0x4afc|    "memorysetup-temp-allocator-size-job-worker=262144"
2026-08-09T16:16:40.995Z|0x4afc|    "memorysetup-temp-allocator-size-preload-manager=33554432"
2026-08-09T16:16:40.996Z|0x4afc|    "memorysetup-temp-allocator-size-gi-baking-worker=262144"
2026-08-09T16:16:40.996Z|0x4afc|    "memorysetup-temp-allocator-size-gi-baking-worker=262144"
2026-08-09T16:16:40.996Z|0x4afc|    "memorysetup-temp-allocator-size-gi-baking-worker=262144"
2026-08-09T16:16:40.996Z|0x4afc|    "memorysetup-temp-allocator-size-gi-baking-worker=262144"
2026-08-09T16:16:40.996Z|0x4afc|    "memorysetup-temp-allocator-size-gi-baking-worker=262144"
2026-08-09T16:16:40.996Z|0x4afc|    "memorysetup-bucket-allocator-granularity=16"
2026-08-09T16:16:40.996Z|0x4afc|    "memorysetup-bucket-allocator-bucket-count=8"
2026-08-09T16:16:40.996Z|0x4afc|    "memorysetup-bucket-allocator-block-size=33554432"
2026-08-09T16:16:40.996Z|0x4afc|    "memorysetup-bucket-allocator-block-count=8"
2026-08-09T16:16:40.996Z|0x4afc|    "memorysetup-main-allocator-block-size=16777216"
2026-08-09T16:16:40.996Z|0x4afc|    "memorysetup-thread-allocator-block-size=16777216"
2026-08-09T16:16:40.996Z|0x4afc|    "memorysetup-gfx-main-allocator-block-size=16777216"
2026-08-09T16:16:40.996Z|0x4afc|    "memorysetup-gfx-thread-allocator-block-size=16777216"
2026-08-09T16:16:40.996Z|0x4afc|    "memorysetup-cache-allocator-block-size=4194304"
2026-08-09T16:16:40.996Z|0x4afc|    "memorysetup-typetree-allocator-block-size=2097152"
2026-08-09T16:16:40.996Z|0x4afc|    "memorysetup-profiler-bucket-allocator-granularity=16"
2026-08-09T16:16:40.996Z|0x4afc|    "memorysetup-profiler-bucket-allocator-bucket-count=8"
2026-08-09T16:16:40.996Z|0x4afc|    "memorysetup-profiler-bucket-allocator-block-size=33554432"
2026-08-09T16:16:40.996Z|0x4afc|    "memorysetup-profiler-bucket-allocator-block-count=8"
2026-08-09T16:16:40.996Z|0x4afc|    "memorysetup-profiler-allocator-block-size=16777216"
2026-08-09T16:16:40.996Z|0x4afc|    "memorysetup-profiler-editor-allocator-block-size=1048576"
2026-08-09T16:16:40.996Z|0x4afc|    "memorysetup-temp-allocator-size-main=16777216"
2026-08-09T16:16:40.996Z|0x4afc|    "memorysetup-job-temp-allocator-block-size=2097152"
2026-08-09T16:16:40.997Z|0x4afc|    "memorysetup-job-temp-allocator-block-size-background=1048576"
2026-08-09T16:16:40.997Z|0x4afc|    "memorysetup-job-temp-allocator-reduction-small-platforms=262144"
2026-08-09T16:16:40.997Z|0x4afc|    "memorysetup-temp-allocator-size-cloud-worker=32768"
2026-08-09T16:16:41.027Z|0x4afc|Player connection [19196]  Target information:

2026-08-09T16:16:41.027Z|0x4afc|Player connection [19196]  * "[IP] 169.254.172.195 [Port] 0 [Flags] 2 [Guid] 3222812569 [EditorId] 3222812569 [Version] 1048832 [Id] WindowsEditor(7,phuong) [Debug] 1 [PackageName] WindowsEditor [ProjectName] Editor" 

2026-08-09T16:16:41.027Z|0x4afc|Player connection [19196]  * "[IP] 192.168.197.1 [Port] 0 [Flags] 2 [Guid] 3222812569 [EditorId] 3222812569 [Version] 1048832 [Id] WindowsEditor(7,phuong) [Debug] 1 [PackageName] WindowsEditor [ProjectName] Editor" 

2026-08-09T16:16:41.027Z|0x4afc|Player connection [19196]  * "[IP] 192.168.0.105 [Port] 0 [Flags] 2 [Guid] 3222812569 [EditorId] 3222812569 [Version] 1048832 [Id] WindowsEditor(7,phuong) [Debug] 1 [PackageName] WindowsEditor [ProjectName] Editor" 

2026-08-09T16:16:41.032Z|0x4afc|Player connection [19196] Host joined multi-casting on [225.0.0.222:54997]...
2026-08-09T16:16:41.033Z|0x4afc|Player connection [19196] Host joined alternative multi-casting on [225.0.0.222:34997]...
2026-08-09T16:16:41.033Z|0x4afc|JobSystem: Creating JobQueue using job-worker-count value 3
2026-08-09T16:16:41.050Z|0x4afc|Input System module state changed to: Initialized.
2026-08-09T16:16:41.056Z|0x4afc|[Physics::Module] Initialized fallback backend.
2026-08-09T16:16:41.056Z|0x4afc|[Physics::Module] Id: 0xdecafbad
2026-08-09T16:16:41.185Z|0x4afc|Library Redirect Path: Library/
2026-08-09T16:16:41.320Z|0x4afc|[Physics::Module] Selected backend.
2026-08-09T16:16:41.320Z|0x4afc|[Physics::Module] Name: PhysX
2026-08-09T16:16:41.321Z|0x4afc|[Physics::Module] Id: 0xf2b8ea05
2026-08-09T16:16:41.321Z|0x4afc|[Physics::Module] SDK Version: 4.1.2
2026-08-09T16:16:41.321Z|0x4afc|[Physics::Module] Integration Version: 1.0.0
2026-08-09T16:16:41.321Z|0x4afc|[Physics::Module] Threading Mode: Multi-Threaded
2026-08-09T16:16:41.347Z|0x4afc|[Licensing::Module] Licensing is not yet initialized.
2026-08-09T16:16:44.276Z|0x5ed0|[Licensing::Client] Error: HandshakeResponse reported an error:
	ResponseCode: 505
	ResponseStatus: Unsupported protocol version '1.18.1'.
2026-08-09T16:16:44.277Z|0x5ed0|[Licensing::Module] Error: Failed to handshake to channel: "LicenseClient-ADMIN"
2026-08-09T16:16:44.277Z|0x5ed0|[Licensing::IpcConnector] LicenseClient-ADMIN channel disconnected successfully.
2026-08-09T16:16:44.277Z|0x5ed0|[Licensing::IpcConnector] Successfully connected to: "LicenseClient-ADMIN-6000.3.18" at "2026-08-09T16:16:44.2771827Z"
2026-08-09T16:16:44.300Z|0x5ed0|[Licensing::Client] Code 10 while verifying Licensing Client signature (process Id: 4008, path: "C:/Program Files/Unity/Hub/Editor/6000.3.18f1/Editor/Data/Resources/Licensing/Client/Unity.Licensing.Client.exe")
2026-08-09T16:16:44.300Z|0x5ed0|[Licensing::Module] LicensingClient has failed validation; ignoring
2026-08-09T16:16:44.302Z|0x5ed0|[Licensing::Client] Handshaking with LicensingClient:
  Version:                 1.18.1+9fbee8e
  Session Id:              d4e108a92c514021961ae493f47dc030
  Correlation Id:          8e0f4bf364360d985072787777cf6b35
  External correlation Id: 3924896117464561858
  Machine Id:              4N+hh32i5zaG9+iECve3BFa0KWM=
2026-08-09T16:16:44.303Z|0x5ed0|[Licensing::Module] Successfully connected to LicensingClient on channel: "LicenseClient-ADMIN-6000.3.18" (connect: 0.00s, validation: 0.00s, handshake: 0.02s)
2026-08-09T16:16:44.303Z|0x5ed0|[Licensing::IpcConnector] Successfully connected to: "LicenseClient-ADMIN-6000.3.18-notifications" at "2026-08-09T16:16:44.3031034Z"
2026-08-09T16:16:44.303Z|0x5ed0|[Licensing::Module] Licensing Background thread has ended after 3.54s
2026-08-09T16:16:44.303Z|0x4afc|[Licensing::Module] Licensing is initialized (took 2.96s).
2026-08-09T16:16:44.306Z|0x4afc|[Licensing::Client] Successfully resolved entitlement details
2026-08-09T16:16:44.307Z|0x4afc|[Licensing::Module] License group:
  Id: 18967735058508-UnityPersXXXX
  Product: Unity Personal
  Type: Assigned
  Expiration: Unlimited
2026-08-09T16:16:44.370Z|0x4afc|Refreshing native plugins compatible for Editor in 62.51 ms, found 4 plugins.
2026-08-09T16:16:44.370Z|0x4afc|Preloading 0 native plugins for Editor in 0.00 ms.
2026-08-09T16:16:44.371Z|0x4afc|Initialize engine version: 6000.3.18f1 (5ebeb53e4c07)
2026-08-09T16:16:44.373Z|0x4afc|[Subsystems] Discovering subsystems at path C:/Program Files/Unity/Hub/Editor/6000.3.18f1/Editor/Data/Resources/UnitySubsystems
2026-08-09T16:16:44.374Z|0x4afc|[Subsystems] Discovering subsystems at path C:/Users/ADMIN/MyData/Unity Documents/Projects/Client/Assets
2026-08-09T16:16:44.389Z|0x4afc|GfxDevice: creating device client; kGfxThreadingModeNonThreaded
2026-08-09T16:16:46.134Z|0x4afc|Direct3D:
2026-08-09T16:16:46.135Z|0x4afc|    Version:  Direct3D 11.0 [level 11.0]
2026-08-09T16:16:46.135Z|0x4afc|    Renderer: NVIDIA Quadro M1200 (ID=0x13b6)
2026-08-09T16:16:46.135Z|0x4afc|    Vendor:   NVIDIA
2026-08-09T16:16:46.135Z|0x4afc|    VRAM:     4044 MB
2026-08-09T16:16:46.135Z|0x4afc|    Driver:   32.0.15.7276
2026-08-09T16:16:46.607Z|0x4afc|Initialize mono
2026-08-09T16:16:46.607Z|0x4afc|Mono path[0] = 'C:/Program Files/Unity/Hub/Editor/6000.3.18f1/Editor/Data/Managed'
2026-08-09T16:16:46.607Z|0x4afc|Mono path[1] = 'C:/Program Files/Unity/Hub/Editor/6000.3.18f1/Editor/Data/MonoBleedingEdge/lib/mono/unityjit-win32'
2026-08-09T16:16:46.607Z|0x4afc|Mono config path = 'C:/Program Files/Unity/Hub/Editor/6000.3.18f1/Editor/Data/MonoBleedingEdge/etc'
2026-08-09T16:16:46.614Z|0x4afc|Using monoOptions --debugger-agent=transport=dt_socket,embedding=1,server=y,suspend=n,address=127.0.0.1:56608
2026-08-09T16:16:46.798Z|0x4afc|Begin MonoManager ReloadAssembly
2026-08-09T16:16:47.325Z|0x4afc|Registering precompiled unity dll's ...
2026-08-09T16:16:47.328Z|0x4afc|Register platform support module: C:/Program Files/Unity/Hub/Editor/6000.3.18f1/Editor/Data/PlaybackEngines/WindowsStandaloneSupport/UnityEditor.WindowsStandalone.Extensions.dll
2026-08-09T16:16:47.330Z|0x4afc|Register platform support module: C:/Program Files/Unity/Hub/Editor/6000.3.18f1/Editor/Data/PlaybackEngines/AndroidPlayer/UnityEditor.Android.Extensions.dll
2026-08-09T16:16:47.334Z|0x4afc|Registered in 0.008455 seconds.
2026-08-09T16:16:47.843Z|0x4afc|- Loaded All Assemblies, in  1.045 seconds
2026-08-09T16:16:47.973Z|0x4afc|Native extension for Android target not found
2026-08-09T16:16:47.984Z|0x4afc|Native extension for WindowsStandalone target not found
2026-08-09T16:16:48.498Z|0x4afc|Package Manager log level set to [2]
2026-08-09T16:16:48.498Z|0x4afc|[Package Manager] Failed to launch server process. Reason: Unity was launched with the -noUpm command-line argument
2026-08-09T16:16:48.498Z|0x4afc|[Package Manager] Unable to send message (not connected to server process).
2026-08-09T16:16:48.498Z|0x4afc|[Package Manager] Cannot connect to Unity Package Manager local server
2026-08-09T16:16:48.631Z|0x4afc|ScheduleIndexationOnStartup MainProcess:False IndexOnStartup:True
Mono: successfully reloaded assembly
2026-08-09T16:16:48.701Z|0x4afc|- Finished resetting the current domain, in  0.859 seconds
2026-08-09T16:16:48.702Z|0x4afc|Domain Reload Profiling: 1896ms
	BeginReloadAssembly (308ms)
		ExecutionOrderSort (0ms)
		DisableScriptedObjects (0ms)
		BackupInstance (0ms)
		ReleaseScriptingObjects (0ms)
		CreateAndSetChildDomain (2ms)
	RebuildCommonClasses (118ms)
	RebuildNativeTypeToScriptingClass (33ms)
	initialDomainReloadingComplete (143ms)
	LoadAllAssembliesAndSetupDomain (434ms)
		LoadAssemblies (303ms)
		RebuildTransferFunctionScriptingTraits (0ms)
		AnalyzeDomain (424ms)
			TypeCache.Refresh (420ms)
				TypeCache.ScanAssembly (381ms)
			BuildScriptInfoCaches (0ms)
			ResolveRequiredComponents (2ms)
	FinalizeReload (859ms)
		ReleaseScriptCaches (0ms)
		RebuildScriptCaches (0ms)
		SetupLoadedEditorAssemblies (794ms)
			LogAssemblyErrors (0ms)
			InitializePlatformSupportModulesInManaged (105ms)
			SetLoadedEditorAssemblies (9ms)
			BeforeProcessingInitializeOnLoad (181ms)
			ProcessInitializeOnLoadAttributes (329ms)
			ProcessInitializeOnLoadMethodAttributes (169ms)
			AfterProcessingInitializeOnLoad (0ms)
			EditorAssembliesLoaded (0ms)
		ExecutionOrderSort2 (0ms)
		AwakeInstancesAfterBackupRestoration (0ms)
2026-08-09T16:16:49.067Z|0x4afc|========================================================================
2026-08-09T16:16:49.067Z|0x4afc|Worker process is ready to serve import requests
2026-08-09T16:16:49.070Z|0x4afc|Import Worker Mode flag is 0x00
2026-08-09T16:16:49.416Z|0x4afc|Begin MonoManager ReloadAssembly
2026-08-09T16:16:49.421Z|0x4afc|[Licensing::Client] Successfully resolved entitlement details
Symbol file LoadedFromMemory is not a mono symbol file
2026-08-09T16:16:51.712Z|0x4afc|- Loaded All Assemblies, in  2.296 seconds
2026-08-09T16:16:52.252Z|0x4afc|Refreshing native plugins compatible for Editor in 6.60 ms, found 4 plugins.
2026-08-09T16:16:52.474Z|0x4afc|Native extension for Android target not found
2026-08-09T16:16:52.491Z|0x4afc|Native extension for WindowsStandalone target not found
2026-08-09T16:16:53.139Z|0x4afc|[Package Manager] Failed to launch server process. Reason: Unity was launched with the -noUpm command-line argument
2026-08-09T16:16:53.139Z|0x4afc|[Package Manager] Unable to send message (not connected to server process).
2026-08-09T16:16:53.139Z|0x4afc|[Package Manager] Cannot connect to Unity Package Manager local server
2026-08-09T16:16:53.327Z|0x4afc|Refreshing native plugins compatible for Editor in 4.94 ms, found 4 plugins.
2026-08-09T16:16:53.675Z|0x4afc|[Package Manager] Failed to launch server process. Reason: Unity was launched with the -noUpm command-line argument
2026-08-09T16:16:53.676Z|0x4afc|[Package Manager] Unable to send message (not connected to server process).
2026-08-09T16:16:53.676Z|0x4afc|[Package Manager] Cannot connect to Unity Package Manager local server
2026-08-09T16:16:54.020Z|0x4afc|ScheduleIndexationOnStartup MainProcess:False IndexOnStartup:True
Mono: successfully reloaded assembly
2026-08-09T16:16:54.167Z|0x4afc|- Finished resetting the current domain, in  1.906 seconds
2026-08-09T16:16:54.168Z|0x4afc|Domain Reload Profiling: 4192ms
	BeginReloadAssembly (441ms)
		ExecutionOrderSort (0ms)
		DisableScriptedObjects (19ms)
		BackupInstance (0ms)
		ReleaseScriptingObjects (0ms)
		CreateAndSetChildDomain (62ms)
	RebuildCommonClasses (75ms)
	RebuildNativeTypeToScriptingClass (25ms)
	initialDomainReloadingComplete (78ms)
	LoadAllAssembliesAndSetupDomain (1665ms)
		LoadAssemblies (1203ms)
		RebuildTransferFunctionScriptingTraits (0ms)
		AnalyzeDomain (708ms)
			TypeCache.Refresh (550ms)
				TypeCache.ScanAssembly (468ms)
			BuildScriptInfoCaches (130ms)
			ResolveRequiredComponents (18ms)
	FinalizeReload (1907ms)
		ReleaseScriptCaches (0ms)
		RebuildScriptCaches (0ms)
		SetupLoadedEditorAssemblies (1620ms)
			LogAssemblyErrors (0ms)
			InitializePlatformSupportModulesInManaged (25ms)
			SetLoadedEditorAssemblies (9ms)
			BeforeProcessingInitializeOnLoad (371ms)
			ProcessInitializeOnLoadAttributes (1043ms)
			ProcessInitializeOnLoadMethodAttributes (152ms)
			AfterProcessingInitializeOnLoad (19ms)
			EditorAssembliesLoaded (0ms)
		ExecutionOrderSort2 (0ms)
		AwakeInstancesAfterBackupRestoration (13ms)
2026-08-09T16:16:54.451Z|0x4afc|Launched and connected shader compiler UnityShaderCompiler.exe after 0.03 seconds
2026-08-09T16:16:54.571Z|0x4afc|Refreshing native plugins compatible for Editor in 4.69 ms, found 4 plugins.
2026-08-09T16:16:54.571Z|0x4afc|Preloading 0 native plugins for Editor in 0.00 ms.
2026-08-09T16:16:54.573Z|0x4614|Unloading 0 Unused Serialized files (Serialized files now loaded: 0)
2026-08-09T16:16:54.598Z|0x4afc|Unloading 3929 unused Assets / (1.7 MB). Loaded Objects now: 4508.
Memory consumption went from 93.6 MB to 91.9 MB.
2026-08-09T16:16:54.598Z|0x4afc|Total: 24.512000 ms (FindLiveObjects: 1.501600 ms CreateObjectMapping: 1.292000 ms MarkObjects: 15.509100 ms  DeleteObjects: 6.206700 ms)

