2026-08-09T12:45:27.645Z|0xd70|[Licensing::Module] Trying to connect to existing licensing client channel...
2026-08-09T12:45:27.645Z|0x2838|Built from '6000.3/staging' branch; Version is '6000.3.18f1 (5ebeb53e4c07) revision 6209205'; Using compiler version '194234433'; Build Type 'Release'
2026-08-09T12:45:27.645Z|0x2838|OS: 'Windows 10  (10.0.19045) 64bit ProfessionalWorkstation' Language: 'en' Physical Memory: 8020 MB
2026-08-09T12:45:27.645Z|0x2838|BatchMode: 1, IsHumanControllingUs: 0, StartBugReporterOnCrash: 0, Is64bit: 1
2026-08-09T12:45:27.645Z|0x2838|System  architecture: x64
2026-08-09T12:45:27.645Z|0x2838|Process architecture: x64
2026-08-09T12:45:27.646Z|0x2838|Date: 2026-08-09T12:45:27Z
2026-08-09T12:45:27.671Z|0xd70|[Licensing::IpcConnector] Successfully connected to: "LicenseClient-ADMIN" at "2026-08-09T12:45:27.6713927Z"
2026-08-09T12:45:27.880Z|0x2838|
COMMAND LINE ARGUMENTS:
2026-08-09T12:45:27.880Z|0x2838|C:\Program Files\Unity\Hub\Editor\6000.3.18f1\Editor\Unity.exe
2026-08-09T12:45:27.880Z|0x2838|-adb2
2026-08-09T12:45:27.880Z|0x2838|-batchMode
2026-08-09T12:45:27.880Z|0x2838|-noUpm
2026-08-09T12:45:27.880Z|0x2838|-name
2026-08-09T12:45:27.880Z|0x2838|AssetImportWorker1
2026-08-09T12:45:27.880Z|0x2838|-projectPath
2026-08-09T12:45:27.880Z|0x2838|C:/Users/ADMIN/MyData/Unity Documents/Projects/Client
2026-08-09T12:45:27.880Z|0x2838|-logFile
2026-08-09T12:45:27.881Z|0x2838|Logs/AssetImportWorker1.log
2026-08-09T12:45:27.881Z|0x2838|-srvPort
2026-08-09T12:45:27.881Z|0x2838|49810
2026-08-09T12:45:27.881Z|0x2838|-licensingIpc
2026-08-09T12:45:27.881Z|0x2838|LicenseClient-ADMIN
2026-08-09T12:45:27.881Z|0x2838|-job-worker-count
2026-08-09T12:45:27.881Z|0x2838|3
2026-08-09T12:45:27.881Z|0x2838|-background-job-worker-count
2026-08-09T12:45:27.881Z|0x2838|8
2026-08-09T12:45:27.881Z|0x2838|-gc-helper-count
2026-08-09T12:45:27.881Z|0x2838|1
2026-08-09T12:45:27.881Z|0x2838|-name
2026-08-09T12:45:27.881Z|0x2838|AssetImport
2026-08-09T12:45:27.881Z|0x2838|Successfully changed project path to: C:/Users/ADMIN/MyData/Unity Documents/Projects/Client
2026-08-09T12:45:27.887Z|0x2838|C:/Users/ADMIN/MyData/Unity Documents/Projects/Client
2026-08-09T12:45:27.888Z|0x2838|[UnityMemory] Configuration Parameters - Can be set up in boot.config
2026-08-09T12:45:27.889Z|0x2838|    "memorysetup-temp-allocator-size-nav-mesh-worker=65536"
2026-08-09T12:45:27.889Z|0x2838|    "memorysetup-temp-allocator-size-audio-worker=65536"
2026-08-09T12:45:27.889Z|0x2838|    "memorysetup-temp-allocator-size-gfx=262144"
2026-08-09T12:45:27.889Z|0x2838|    "memorysetup-allocator-temp-initial-block-size-main=262144"
2026-08-09T12:45:27.889Z|0x2838|    "memorysetup-allocator-temp-initial-block-size-worker=262144"
2026-08-09T12:45:27.889Z|0x2838|    "memorysetup-temp-allocator-size-background-worker=32768"
2026-08-09T12:45:27.889Z|0x2838|    "memorysetup-temp-allocator-size-job-worker=262144"
2026-08-09T12:45:27.889Z|0x2838|    "memorysetup-temp-allocator-size-preload-manager=33554432"
2026-08-09T12:45:27.889Z|0x2838|    "memorysetup-temp-allocator-size-gi-baking-worker=262144"
2026-08-09T12:45:27.889Z|0x2838|    "memorysetup-temp-allocator-size-gi-baking-worker=262144"
2026-08-09T12:45:27.889Z|0x2838|    "memorysetup-temp-allocator-size-gi-baking-worker=262144"
2026-08-09T12:45:27.889Z|0x2838|    "memorysetup-temp-allocator-size-gi-baking-worker=262144"
2026-08-09T12:45:27.889Z|0x2838|    "memorysetup-temp-allocator-size-gi-baking-worker=262144"
2026-08-09T12:45:27.889Z|0x2838|    "memorysetup-bucket-allocator-granularity=16"
2026-08-09T12:45:27.889Z|0x2838|    "memorysetup-bucket-allocator-bucket-count=8"
2026-08-09T12:45:27.889Z|0x2838|    "memorysetup-bucket-allocator-block-size=33554432"
2026-08-09T12:45:27.889Z|0x2838|    "memorysetup-bucket-allocator-block-count=8"
2026-08-09T12:45:27.889Z|0x2838|    "memorysetup-main-allocator-block-size=16777216"
2026-08-09T12:45:27.889Z|0x2838|    "memorysetup-thread-allocator-block-size=16777216"
2026-08-09T12:45:27.889Z|0x2838|    "memorysetup-gfx-main-allocator-block-size=16777216"
2026-08-09T12:45:27.889Z|0x2838|    "memorysetup-gfx-thread-allocator-block-size=16777216"
2026-08-09T12:45:27.890Z|0x2838|    "memorysetup-cache-allocator-block-size=4194304"
2026-08-09T12:45:27.890Z|0x2838|    "memorysetup-typetree-allocator-block-size=2097152"
2026-08-09T12:45:27.890Z|0x2838|    "memorysetup-profiler-bucket-allocator-granularity=16"
2026-08-09T12:45:27.890Z|0x2838|    "memorysetup-profiler-bucket-allocator-bucket-count=8"
2026-08-09T12:45:27.890Z|0x2838|    "memorysetup-profiler-bucket-allocator-block-size=33554432"
2026-08-09T12:45:27.890Z|0x2838|    "memorysetup-profiler-bucket-allocator-block-count=8"
2026-08-09T12:45:27.890Z|0x2838|    "memorysetup-profiler-allocator-block-size=16777216"
2026-08-09T12:45:27.890Z|0x2838|    "memorysetup-profiler-editor-allocator-block-size=1048576"
2026-08-09T12:45:27.890Z|0x2838|    "memorysetup-temp-allocator-size-main=16777216"
2026-08-09T12:45:27.890Z|0x2838|    "memorysetup-job-temp-allocator-block-size=2097152"
2026-08-09T12:45:27.890Z|0x2838|    "memorysetup-job-temp-allocator-block-size-background=1048576"
2026-08-09T12:45:27.890Z|0x2838|    "memorysetup-job-temp-allocator-reduction-small-platforms=262144"
2026-08-09T12:45:27.890Z|0x2838|    "memorysetup-temp-allocator-size-cloud-worker=32768"
2026-08-09T12:45:27.905Z|0x2838|Player connection [10296]  Target information:

2026-08-09T12:45:27.905Z|0x2838|Player connection [10296]  * "[IP] 169.254.172.195 [Port] 0 [Flags] 2 [Guid] 622986141 [EditorId] 622986141 [Version] 1048832 [Id] WindowsEditor(7,phuong) [Debug] 1 [PackageName] WindowsEditor [ProjectName] Editor" 

2026-08-09T12:45:27.905Z|0x2838|Player connection [10296]  * "[IP] 192.168.197.1 [Port] 0 [Flags] 2 [Guid] 622986141 [EditorId] 622986141 [Version] 1048832 [Id] WindowsEditor(7,phuong) [Debug] 1 [PackageName] WindowsEditor [ProjectName] Editor" 

2026-08-09T12:45:27.905Z|0x2838|Player connection [10296]  * "[IP] 192.168.0.105 [Port] 0 [Flags] 2 [Guid] 622986141 [EditorId] 622986141 [Version] 1048832 [Id] WindowsEditor(7,phuong) [Debug] 1 [PackageName] WindowsEditor [ProjectName] Editor" 

2026-08-09T12:45:27.909Z|0x2838|Player connection [10296] Host joined multi-casting on [225.0.0.222:54997]...
2026-08-09T12:45:27.911Z|0x2838|Player connection [10296] Host joined alternative multi-casting on [225.0.0.222:34997]...
2026-08-09T12:45:27.911Z|0x2838|JobSystem: Creating JobQueue using job-worker-count value 3
2026-08-09T12:45:27.927Z|0x2838|Input System module state changed to: Initialized.
2026-08-09T12:45:27.930Z|0x2838|[Physics::Module] Initialized fallback backend.
2026-08-09T12:45:27.930Z|0x2838|[Physics::Module] Id: 0xdecafbad
2026-08-09T12:45:28.119Z|0x2838|Library Redirect Path: Library/
2026-08-09T12:45:28.386Z|0x2838|[Physics::Module] Selected backend.
2026-08-09T12:45:28.386Z|0x2838|[Physics::Module] Name: PhysX
2026-08-09T12:45:28.386Z|0x2838|[Physics::Module] Id: 0xf2b8ea05
2026-08-09T12:45:28.386Z|0x2838|[Physics::Module] SDK Version: 4.1.2
2026-08-09T12:45:28.386Z|0x2838|[Physics::Module] Integration Version: 1.0.0
2026-08-09T12:45:28.386Z|0x2838|[Physics::Module] Threading Mode: Multi-Threaded
2026-08-09T12:45:28.424Z|0x2838|[Licensing::Module] Licensing is not yet initialized.
2026-08-09T12:45:30.634Z|0xd70|[Licensing::Client] Error: HandshakeResponse reported an error:
	ResponseCode: 505
	ResponseStatus: Unsupported protocol version '1.18.1'.
2026-08-09T12:45:30.634Z|0xd70|[Licensing::Module] Error: Failed to handshake to channel: "LicenseClient-ADMIN"
2026-08-09T12:45:30.634Z|0xd70|[Licensing::IpcConnector] LicenseClient-ADMIN channel disconnected successfully.
2026-08-09T12:45:30.647Z|0xd70|[Licensing::IpcConnector] Successfully connected to: "LicenseClient-ADMIN-6000.3.18" at "2026-08-09T12:45:30.6479037Z"
2026-08-09T12:45:30.728Z|0xd70|[Licensing::Client] Code 10 while verifying Licensing Client signature (process Id: 1616, path: "C:/Program Files/Unity/Hub/Editor/6000.3.18f1/Editor/Data/Resources/Licensing/Client/Unity.Licensing.Client.exe")
2026-08-09T12:45:30.728Z|0xd70|[Licensing::Module] LicensingClient has failed validation; ignoring
2026-08-09T12:45:30.737Z|0xd70|[Licensing::Client] Handshaking with LicensingClient:
  Version:                 1.18.1+9fbee8e
  Session Id:              5884b4d95c4a407eab78c64cd941087e
  Correlation Id:          3832a26c187728c8c5c7725773ef393a
  External correlation Id: 4497304866166059166
  Machine Id:              4N+hh32i5zaG9+iECve3BFa0KWM=
2026-08-09T12:45:30.737Z|0xd70|[Licensing::Module] Successfully connected to LicensingClient on channel: "LicenseClient-ADMIN-6000.3.18" (connect: 0.01s, validation: 0.01s, handshake: 0.08s)
2026-08-09T12:45:30.737Z|0xd70|[Licensing::IpcConnector] Successfully connected to: "LicenseClient-ADMIN-6000.3.18-notifications" at "2026-08-09T12:45:30.7379486Z"
2026-08-09T12:45:30.738Z|0xd70|[Licensing::Module] Licensing Background thread has ended after 3.09s
2026-08-09T12:45:30.738Z|0x2838|[Licensing::Module] Licensing is initialized (took 2.31s).
2026-08-09T12:45:30.743Z|0x2838|[Licensing::Client] Successfully resolved entitlement details
2026-08-09T12:45:30.743Z|0x2838|[Licensing::Module] License group:
  Id: 18967735058508-UnityPersXXXX
  Product: Unity Personal
  Type: Assigned
  Expiration: Unlimited
2026-08-09T12:45:30.868Z|0x2838|Refreshing native plugins compatible for Editor in 123.75 ms, found 4 plugins.
2026-08-09T12:45:30.868Z|0x2838|Preloading 0 native plugins for Editor in 0.00 ms.
2026-08-09T12:45:30.870Z|0x2838|Initialize engine version: 6000.3.18f1 (5ebeb53e4c07)
2026-08-09T12:45:30.870Z|0x2838|[Subsystems] Discovering subsystems at path C:/Program Files/Unity/Hub/Editor/6000.3.18f1/Editor/Data/Resources/UnitySubsystems
2026-08-09T12:45:30.870Z|0x2838|[Subsystems] Discovering subsystems at path C:/Users/ADMIN/MyData/Unity Documents/Projects/Client/Assets
2026-08-09T12:45:30.877Z|0x2838|GfxDevice: creating device client; kGfxThreadingModeNonThreaded
2026-08-09T12:45:31.358Z|0x2838|Direct3D:
2026-08-09T12:45:31.358Z|0x2838|    Version:  Direct3D 11.0 [level 11.0]
2026-08-09T12:45:31.359Z|0x2838|    Renderer: NVIDIA Quadro M1200 (ID=0x13b6)
2026-08-09T12:45:31.359Z|0x2838|    Vendor:   NVIDIA
2026-08-09T12:45:31.359Z|0x2838|    VRAM:     4044 MB
2026-08-09T12:45:31.359Z|0x2838|    Driver:   32.0.15.7276
2026-08-09T12:45:31.785Z|0x2838|Initialize mono
2026-08-09T12:45:31.785Z|0x2838|Mono path[0] = 'C:/Program Files/Unity/Hub/Editor/6000.3.18f1/Editor/Data/Managed'
2026-08-09T12:45:31.785Z|0x2838|Mono path[1] = 'C:/Program Files/Unity/Hub/Editor/6000.3.18f1/Editor/Data/MonoBleedingEdge/lib/mono/unityjit-win32'
2026-08-09T12:45:31.785Z|0x2838|Mono config path = 'C:/Program Files/Unity/Hub/Editor/6000.3.18f1/Editor/Data/MonoBleedingEdge/etc'
2026-08-09T12:45:31.786Z|0x2838|Using monoOptions --debugger-agent=transport=dt_socket,embedding=1,server=y,suspend=n,address=127.0.0.1:56132
2026-08-09T12:45:32.433Z|0x2838|Begin MonoManager ReloadAssembly
2026-08-09T12:45:34.413Z|0x2838|Registering precompiled unity dll's ...
2026-08-09T12:45:34.416Z|0x2838|Register platform support module: C:/Program Files/Unity/Hub/Editor/6000.3.18f1/Editor/Data/PlaybackEngines/WindowsStandaloneSupport/UnityEditor.WindowsStandalone.Extensions.dll
2026-08-09T12:45:34.420Z|0x2838|Register platform support module: C:/Program Files/Unity/Hub/Editor/6000.3.18f1/Editor/Data/PlaybackEngines/AndroidPlayer/UnityEditor.Android.Extensions.dll
2026-08-09T12:45:34.422Z|0x2838|Registered in 0.008667 seconds.
2026-08-09T12:45:37.098Z|0x2838|- Loaded All Assemblies, in  4.665 seconds
2026-08-09T12:45:37.274Z|0x2838|Native extension for Android target not found
2026-08-09T12:45:37.284Z|0x2838|Native extension for WindowsStandalone target not found
2026-08-09T12:45:37.833Z|0x2838|Package Manager log level set to [2]
2026-08-09T12:45:37.833Z|0x2838|[Package Manager] Failed to launch server process. Reason: Unity was launched with the -noUpm command-line argument
2026-08-09T12:45:37.833Z|0x2838|[Package Manager] Unable to send message (not connected to server process).
2026-08-09T12:45:37.833Z|0x2838|[Package Manager] Cannot connect to Unity Package Manager local server
2026-08-09T12:45:38.116Z|0x2838|ScheduleIndexationOnStartup MainProcess:False IndexOnStartup:True
Mono: successfully reloaded assembly
2026-08-09T12:45:38.204Z|0x2838|- Finished resetting the current domain, in  1.106 seconds
2026-08-09T12:45:38.210Z|0x2838|Domain Reload Profiling: 5765ms
	BeginReloadAssembly (748ms)
		ExecutionOrderSort (0ms)
		DisableScriptedObjects (0ms)
		BackupInstance (0ms)
		ReleaseScriptingObjects (0ms)
		CreateAndSetChildDomain (4ms)
	RebuildCommonClasses (1154ms)
	RebuildNativeTypeToScriptingClass (36ms)
	initialDomainReloadingComplete (108ms)
	LoadAllAssembliesAndSetupDomain (2610ms)
		LoadAssemblies (753ms)
		RebuildTransferFunctionScriptingTraits (0ms)
		AnalyzeDomain (2584ms)
			TypeCache.Refresh (2574ms)
				TypeCache.ScanAssembly (1930ms)
			BuildScriptInfoCaches (2ms)
			ResolveRequiredComponents (6ms)
	FinalizeReload (1109ms)
		ReleaseScriptCaches (0ms)
		RebuildScriptCaches (0ms)
		SetupLoadedEditorAssemblies (1012ms)
			LogAssemblyErrors (0ms)
			InitializePlatformSupportModulesInManaged (134ms)
			SetLoadedEditorAssemblies (9ms)
			BeforeProcessingInitializeOnLoad (198ms)
			ProcessInitializeOnLoadAttributes (351ms)
			ProcessInitializeOnLoadMethodAttributes (318ms)
			AfterProcessingInitializeOnLoad (0ms)
			EditorAssembliesLoaded (3ms)
		ExecutionOrderSort2 (0ms)
		AwakeInstancesAfterBackupRestoration (0ms)
2026-08-09T12:45:39.695Z|0x2838|========================================================================
2026-08-09T12:45:39.695Z|0x2838|Worker process is ready to serve import requests
2026-08-09T12:45:39.698Z|0x2838|Import Worker Mode flag is 0x00
2026-08-09T12:45:40.016Z|0x2838|Begin MonoManager ReloadAssembly
2026-08-09T12:45:40.022Z|0x2838|[Licensing::Client] Successfully resolved entitlement details
Symbol file LoadedFromMemory is not a mono symbol file
2026-08-09T12:45:55.433Z|0x2838|- Loaded All Assemblies, in 15.417 seconds
Could not load signature of PlayerManager:CreatePlayer due to: Could not load file or assembly 'MyLibrary, Version=1.0.0.0, Culture=neutral, PublicKeyToken=null' or one of its dependencies.
Could not load signature of MessageHandler:ByteToType due to: Could not load file or assembly 'MyLibrary, Version=1.0.0.0, Culture=neutral, PublicKeyToken=null' or one of its dependencies.
Could not load signature of MessageHandler:ByteToType due to: Could not load file or assembly 'MyLibrary, Version=1.0.0.0, Culture=neutral, PublicKeyToken=null' or one of its dependencies.
Could not load signature of MessageHandler:HandleOneMessage due to: Could not load file or assembly 'MyLibrary, Version=1.0.0.0, Culture=neutral, PublicKeyToken=null' or one of its dependencies.
2026-08-09T12:45:55.885Z|0x2838|Refreshing native plugins compatible for Editor in 3.75 ms, found 4 plugins.
Could not load signature of MessageHandler:ByteToType due to: Could not load file or assembly 'MyLibrary, Version=1.0.0.0, Culture=neutral, PublicKeyToken=null' or one of its dependencies.
Could not load signature of MessageHandler:ByteToType due to: Could not load file or assembly 'MyLibrary, Version=1.0.0.0, Culture=neutral, PublicKeyToken=null' or one of its dependencies.
Could not load signature of MessageHandler:HandleOneMessage due to: Could not load file or assembly 'MyLibrary, Version=1.0.0.0, Culture=neutral, PublicKeyToken=null' or one of its dependencies.
Could not load signature of PlayerManager:CreatePlayer due to: Could not load file or assembly 'MyLibrary, Version=1.0.0.0, Culture=neutral, PublicKeyToken=null' or one of its dependencies.
2026-08-09T12:45:56.067Z|0x2838|Native extension for Android target not found
2026-08-09T12:45:56.078Z|0x2838|Native extension for WindowsStandalone target not found
2026-08-09T12:45:56.733Z|0x2838|[Package Manager] Failed to launch server process. Reason: Unity was launched with the -noUpm command-line argument
2026-08-09T12:45:56.733Z|0x2838|[Package Manager] Unable to send message (not connected to server process).
2026-08-09T12:45:56.734Z|0x2838|[Package Manager] Cannot connect to Unity Package Manager local server
2026-08-09T12:45:56.946Z|0x2838|Refreshing native plugins compatible for Editor in 3.48 ms, found 4 plugins.
2026-08-09T12:45:57.250Z|0x2838|[Package Manager] Failed to launch server process. Reason: Unity was launched with the -noUpm command-line argument
2026-08-09T12:45:57.250Z|0x2838|[Package Manager] Unable to send message (not connected to server process).
2026-08-09T12:45:57.250Z|0x2838|[Package Manager] Cannot connect to Unity Package Manager local server
2026-08-09T12:45:57.734Z|0x2838|ScheduleIndexationOnStartup MainProcess:False IndexOnStartup:True
Mono: successfully reloaded assembly
2026-08-09T12:45:57.836Z|0x2838|- Finished resetting the current domain, in  1.943 seconds
2026-08-09T12:45:57.837Z|0x2838|Domain Reload Profiling: 17344ms
	BeginReloadAssembly (452ms)
		ExecutionOrderSort (0ms)
		DisableScriptedObjects (16ms)
		BackupInstance (0ms)
		ReleaseScriptingObjects (0ms)
		CreateAndSetChildDomain (51ms)
	RebuildCommonClasses (75ms)
	RebuildNativeTypeToScriptingClass (29ms)
	initialDomainReloadingComplete (84ms)
	LoadAllAssembliesAndSetupDomain (14761ms)
		LoadAssemblies (13372ms)
		RebuildTransferFunctionScriptingTraits (0ms)
		AnalyzeDomain (1674ms)
			TypeCache.Refresh (1552ms)
				TypeCache.ScanAssembly (1513ms)
			BuildScriptInfoCaches (106ms)
			ResolveRequiredComponents (10ms)
	FinalizeReload (1943ms)
		ReleaseScriptCaches (0ms)
		RebuildScriptCaches (0ms)
		SetupLoadedEditorAssemblies (1712ms)
			LogAssemblyErrors (0ms)
			InitializePlatformSupportModulesInManaged (15ms)
			SetLoadedEditorAssemblies (11ms)
			BeforeProcessingInitializeOnLoad (434ms)
			ProcessInitializeOnLoadAttributes (1143ms)
			ProcessInitializeOnLoadMethodAttributes (94ms)
			AfterProcessingInitializeOnLoad (14ms)
			EditorAssembliesLoaded (0ms)
		ExecutionOrderSort2 (0ms)
		AwakeInstancesAfterBackupRestoration (12ms)
2026-08-09T12:45:58.522Z|0x2838|Launched and connected shader compiler UnityShaderCompiler.exe after 0.07 seconds
2026-08-09T12:45:59.903Z|0x2838|Refreshing native plugins compatible for Editor in 4.61 ms, found 4 plugins.
2026-08-09T12:45:59.903Z|0x2838|Preloading 0 native plugins for Editor in 0.00 ms.
2026-08-09T12:45:59.906Z|0x3e20|Unloading 0 Unused Serialized files (Serialized files now loaded: 0)
2026-08-09T12:45:59.922Z|0x2838|Unloading 3929 unused Assets / (1.5 MB). Loaded Objects now: 4508.
Memory consumption went from 95.6 MB to 94.1 MB.
2026-08-09T12:45:59.922Z|0x2838|Total: 15.328200 ms (FindLiveObjects: 1.188700 ms CreateObjectMapping: 1.321500 ms MarkObjects: 9.530500 ms  DeleteObjects: 3.285500 ms)

2026-08-09T12:45:59.923Z|0x2838|========================================================================
Received Import Request.
  Time since last request: 2311.837519 seconds.
  path: Assets/Plugins/Library/MyLibrary.dll
  artifactKey: Guid(45014a2cad221f1499c9709afdc1dd50) Importer(2089858483,d624ce77472d68a35037170ec1d2d27e)
2026-08-09T12:45:59.925Z|0x2838|Start importing Assets/Plugins/Library/MyLibrary.dll using Guid(45014a2cad221f1499c9709afdc1dd50) Importer(2089858483,d624ce77472d68a35037170ec1d2d27e) (ScriptedImporter) -> (artifact id: '6ac3b4177dbb394ba9f1364862e30e22') in 0.1815336 seconds
2026-08-09T12:46:00.109Z|0x2838|Number of updated asset objects reloaded before import = 0Number of asset objects unloaded after import = 0

2026-08-09T12:48:08.316Z|0x2838|========================================================================
2026-08-09T12:48:08.316Z|0x2838|Received Prepare
Could not load signature of PlayerManager:CreatePlayer due to: Could not load file or assembly 'MyLibrary, Version=1.0.0.0, Culture=neutral, PublicKeyToken=null' or one of its dependencies.
Could not load signature of MessageHandler:ByteToType due to: Could not load file or assembly 'MyLibrary, Version=1.0.0.0, Culture=neutral, PublicKeyToken=null' or one of its dependencies.
Could not load signature of MessageHandler:ByteToType due to: Could not load file or assembly 'MyLibrary, Version=1.0.0.0, Culture=neutral, PublicKeyToken=null' or one of its dependencies.
Could not load signature of MessageHandler:HandleOneMessage due to: Could not load file or assembly 'MyLibrary, Version=1.0.0.0, Culture=neutral, PublicKeyToken=null' or one of its dependencies.
2026-08-09T12:48:08.512Z|0x2838|Refreshing native plugins compatible for Editor in 21.75 ms, found 4 plugins.
2026-08-09T12:48:08.512Z|0x2838|Preloading 0 native plugins for Editor in 0.00 ms.
2026-08-09T12:48:08.512Z|0x3e20|Unloading 0 Unused Serialized files (Serialized files now loaded: 0)
2026-08-09T12:48:08.528Z|0x2838|Unloading 3914 unused Assets / (1.0 MB). Loaded Objects now: 4510.
Memory consumption went from 95.0 MB to 94.0 MB.
2026-08-09T12:48:08.528Z|0x2838|Total: 15.285900 ms (FindLiveObjects: 0.984600 ms CreateObjectMapping: 1.054100 ms MarkObjects: 11.096200 ms  DeleteObjects: 2.149000 ms)

2026-08-09T12:48:08.528Z|0x2838|Prepare: number of updated asset objects reloaded= 0
2026-08-09T12:49:16.529Z|0x2838|========================================================================
2026-08-09T12:49:16.529Z|0x2838|Received Prepare
Could not load signature of PlayerManager:CreatePlayer due to: Could not load file or assembly 'MyLibrary, Version=1.0.0.0, Culture=neutral, PublicKeyToken=null' or one of its dependencies.
Could not load signature of MessageHandler:ByteToType due to: Could not load file or assembly 'MyLibrary, Version=1.0.0.0, Culture=neutral, PublicKeyToken=null' or one of its dependencies.
Could not load signature of MessageHandler:ByteToType due to: Could not load file or assembly 'MyLibrary, Version=1.0.0.0, Culture=neutral, PublicKeyToken=null' or one of its dependencies.
Could not load signature of MessageHandler:HandleOneMessage due to: Could not load file or assembly 'MyLibrary, Version=1.0.0.0, Culture=neutral, PublicKeyToken=null' or one of its dependencies.
2026-08-09T12:49:16.659Z|0x2838|Refreshing native plugins compatible for Editor in 3.80 ms, found 4 plugins.
2026-08-09T12:49:16.659Z|0x2838|Preloading 0 native plugins for Editor in 0.00 ms.
2026-08-09T12:49:16.659Z|0x3e20|Unloading 0 Unused Serialized files (Serialized files now loaded: 0)
2026-08-09T12:49:16.671Z|0x2838|Unloading 3915 unused Assets / (1.6 MB). Loaded Objects now: 4510.
Memory consumption went from 95.0 MB to 93.4 MB.
2026-08-09T12:49:16.671Z|0x2838|Total: 11.055900 ms (FindLiveObjects: 0.660700 ms CreateObjectMapping: 0.557600 ms MarkObjects: 7.469000 ms  DeleteObjects: 2.367200 ms)

2026-08-09T12:49:16.671Z|0x2838|Prepare: number of updated asset objects reloaded= 0
2026-08-09T12:50:21.159Z|0x2838|========================================================================
2026-08-09T12:50:21.159Z|0x2838|Received Prepare
Could not load signature of PlayerManager:CreatePlayer due to: Could not load file or assembly 'MyLibrary, Version=1.0.0.0, Culture=neutral, PublicKeyToken=null' or one of its dependencies.
Could not load signature of MessageHandler:ByteToType due to: Could not load file or assembly 'MyLibrary, Version=1.0.0.0, Culture=neutral, PublicKeyToken=null' or one of its dependencies.
Could not load signature of MessageHandler:ByteToType due to: Could not load file or assembly 'MyLibrary, Version=1.0.0.0, Culture=neutral, PublicKeyToken=null' or one of its dependencies.
Could not load signature of MessageHandler:HandleOneMessage due to: Could not load file or assembly 'MyLibrary, Version=1.0.0.0, Culture=neutral, PublicKeyToken=null' or one of its dependencies.
2026-08-09T12:50:21.293Z|0x2838|Refreshing native plugins compatible for Editor in 8.08 ms, found 4 plugins.
2026-08-09T12:50:21.293Z|0x2838|Preloading 0 native plugins for Editor in 0.00 ms.
2026-08-09T12:50:21.293Z|0x3e20|Unloading 0 Unused Serialized files (Serialized files now loaded: 0)
2026-08-09T12:50:21.304Z|0x2838|Unloading 3915 unused Assets / (1.3 MB). Loaded Objects now: 4510.
Memory consumption went from 95.0 MB to 93.8 MB.
2026-08-09T12:50:21.304Z|0x2838|Total: 11.029800 ms (FindLiveObjects: 0.698300 ms CreateObjectMapping: 0.751400 ms MarkObjects: 7.917800 ms  DeleteObjects: 1.661200 ms)

2026-08-09T12:50:21.305Z|0x2838|Prepare: number of updated asset objects reloaded= 0
2026-08-09T13:31:41.031Z|0x2838|========================================================================
2026-08-09T13:31:41.031Z|0x2838|Received Prepare
Could not load signature of PlayerManager:CreatePlayer due to: Could not load file or assembly 'MyLibrary, Version=1.0.0.0, Culture=neutral, PublicKeyToken=null' or one of its dependencies.
Could not load signature of MessageHandler:ByteToType due to: Could not load file or assembly 'MyLibrary, Version=1.0.0.0, Culture=neutral, PublicKeyToken=null' or one of its dependencies.
Could not load signature of MessageHandler:ByteToType due to: Could not load file or assembly 'MyLibrary, Version=1.0.0.0, Culture=neutral, PublicKeyToken=null' or one of its dependencies.
Could not load signature of MessageHandler:HandleOneMessage due to: Could not load file or assembly 'MyLibrary, Version=1.0.0.0, Culture=neutral, PublicKeyToken=null' or one of its dependencies.
2026-08-09T13:31:41.180Z|0x2838|Refreshing native plugins compatible for Editor in 7.59 ms, found 4 plugins.
2026-08-09T13:31:41.180Z|0x2838|Preloading 0 native plugins for Editor in 0.00 ms.
2026-08-09T13:31:41.180Z|0x3e20|Unloading 0 Unused Serialized files (Serialized files now loaded: 0)
2026-08-09T13:31:41.196Z|0x2838|Unloading 3914 unused Assets / (0.9 MB). Loaded Objects now: 4510.
Memory consumption went from 95.0 MB to 94.1 MB.
2026-08-09T13:31:41.196Z|0x2838|Total: 15.611300 ms (FindLiveObjects: 0.718700 ms CreateObjectMapping: 0.667100 ms MarkObjects: 12.366800 ms  DeleteObjects: 1.856400 ms)

2026-08-09T13:31:41.196Z|0x2838|Prepare: number of updated asset objects reloaded= 0
2026-08-09T13:32:13.934Z|0x2838|========================================================================
2026-08-09T13:32:13.934Z|0x2838|Received Prepare
Could not load signature of PlayerManager:CreatePlayer due to: Could not load file or assembly 'MyLibrary, Version=1.0.0.0, Culture=neutral, PublicKeyToken=null' or one of its dependencies.
Could not load signature of MessageHandler:ByteToType due to: Could not load file or assembly 'MyLibrary, Version=1.0.0.0, Culture=neutral, PublicKeyToken=null' or one of its dependencies.
Could not load signature of MessageHandler:ByteToType due to: Could not load file or assembly 'MyLibrary, Version=1.0.0.0, Culture=neutral, PublicKeyToken=null' or one of its dependencies.
Could not load signature of MessageHandler:HandleOneMessage due to: Could not load file or assembly 'MyLibrary, Version=1.0.0.0, Culture=neutral, PublicKeyToken=null' or one of its dependencies.
2026-08-09T13:32:14.111Z|0x2838|Refreshing native plugins compatible for Editor in 6.84 ms, found 4 plugins.
2026-08-09T13:32:14.111Z|0x2838|Preloading 0 native plugins for Editor in 0.00 ms.
2026-08-09T13:32:14.111Z|0x3e20|Unloading 0 Unused Serialized files (Serialized files now loaded: 0)
2026-08-09T13:32:14.125Z|0x2838|Unloading 3915 unused Assets / (1.2 MB). Loaded Objects now: 4510.
Memory consumption went from 95.0 MB to 93.8 MB.
2026-08-09T13:32:14.125Z|0x2838|Total: 14.475900 ms (FindLiveObjects: 0.981300 ms CreateObjectMapping: 0.854700 ms MarkObjects: 10.513000 ms  DeleteObjects: 2.125200 ms)

2026-08-09T13:32:14.126Z|0x2838|Prepare: number of updated asset objects reloaded= 0
2026-08-09T13:35:30.760Z|0x2838|========================================================================
2026-08-09T13:35:30.760Z|0x2838|Received Prepare
Could not load signature of PlayerManager:CreatePlayer due to: Could not load file or assembly 'MyLibrary, Version=1.0.0.0, Culture=neutral, PublicKeyToken=null' or one of its dependencies.
Could not load signature of MessageHandler:ByteToType due to: Could not load file or assembly 'MyLibrary, Version=1.0.0.0, Culture=neutral, PublicKeyToken=null' or one of its dependencies.
Could not load signature of MessageHandler:ByteToType due to: Could not load file or assembly 'MyLibrary, Version=1.0.0.0, Culture=neutral, PublicKeyToken=null' or one of its dependencies.
Could not load signature of MessageHandler:HandleOneMessage due to: Could not load file or assembly 'MyLibrary, Version=1.0.0.0, Culture=neutral, PublicKeyToken=null' or one of its dependencies.
2026-08-09T13:35:30.969Z|0x2838|Refreshing native plugins compatible for Editor in 5.17 ms, found 4 plugins.
2026-08-09T13:35:30.969Z|0x2838|Preloading 0 native plugins for Editor in 0.00 ms.
2026-08-09T13:35:30.969Z|0x3e20|Unloading 0 Unused Serialized files (Serialized files now loaded: 0)
2026-08-09T13:35:30.983Z|0x2838|Unloading 3915 unused Assets / (1.2 MB). Loaded Objects now: 4510.
Memory consumption went from 95.0 MB to 93.8 MB.
2026-08-09T13:35:30.983Z|0x2838|Total: 13.538600 ms (FindLiveObjects: 0.687800 ms CreateObjectMapping: 0.851700 ms MarkObjects: 10.148100 ms  DeleteObjects: 1.847800 ms)

2026-08-09T13:35:30.983Z|0x2838|Prepare: number of updated asset objects reloaded= 0
2026-08-09T13:43:40.611Z|0x2838|========================================================================
2026-08-09T13:43:40.611Z|0x2838|Received Prepare
Could not load signature of PlayerManager:CreatePlayer due to: Could not load file or assembly 'MyLibrary, Version=1.0.0.0, Culture=neutral, PublicKeyToken=null' or one of its dependencies.
Could not load signature of MessageHandler:ByteToType due to: Could not load file or assembly 'MyLibrary, Version=1.0.0.0, Culture=neutral, PublicKeyToken=null' or one of its dependencies.
Could not load signature of MessageHandler:ByteToType due to: Could not load file or assembly 'MyLibrary, Version=1.0.0.0, Culture=neutral, PublicKeyToken=null' or one of its dependencies.
Could not load signature of MessageHandler:HandleOneMessage due to: Could not load file or assembly 'MyLibrary, Version=1.0.0.0, Culture=neutral, PublicKeyToken=null' or one of its dependencies.
2026-08-09T13:43:40.805Z|0x2838|Refreshing native plugins compatible for Editor in 6.33 ms, found 4 plugins.
2026-08-09T13:43:40.805Z|0x2838|Preloading 0 native plugins for Editor in 0.00 ms.
2026-08-09T13:43:40.805Z|0x3e20|Unloading 0 Unused Serialized files (Serialized files now loaded: 0)
2026-08-09T13:43:40.820Z|0x2838|Unloading 3914 unused Assets / (1.2 MB). Loaded Objects now: 4510.
Memory consumption went from 95.0 MB to 93.9 MB.
2026-08-09T13:43:40.820Z|0x2838|Total: 14.688000 ms (FindLiveObjects: 0.674500 ms CreateObjectMapping: 0.631500 ms MarkObjects: 11.507400 ms  DeleteObjects: 1.872700 ms)

2026-08-09T13:43:40.820Z|0x2838|Prepare: number of updated asset objects reloaded= 0
2026-08-09T13:44:07.085Z|0x2838|========================================================================
2026-08-09T13:44:07.085Z|0x2838|Received Prepare
Could not load signature of PlayerManager:CreatePlayer due to: Could not load file or assembly 'MyLibrary, Version=1.0.0.0, Culture=neutral, PublicKeyToken=null' or one of its dependencies.
Could not load signature of MessageHandler:ByteToType due to: Could not load file or assembly 'MyLibrary, Version=1.0.0.0, Culture=neutral, PublicKeyToken=null' or one of its dependencies.
Could not load signature of MessageHandler:ByteToType due to: Could not load file or assembly 'MyLibrary, Version=1.0.0.0, Culture=neutral, PublicKeyToken=null' or one of its dependencies.
Could not load signature of MessageHandler:HandleOneMessage due to: Could not load file or assembly 'MyLibrary, Version=1.0.0.0, Culture=neutral, PublicKeyToken=null' or one of its dependencies.
2026-08-09T13:44:07.216Z|0x2838|Refreshing native plugins compatible for Editor in 4.28 ms, found 4 plugins.
2026-08-09T13:44:07.216Z|0x2838|Preloading 0 native plugins for Editor in 0.00 ms.
2026-08-09T13:44:07.216Z|0x3e20|Unloading 0 Unused Serialized files (Serialized files now loaded: 0)
2026-08-09T13:44:07.228Z|0x2838|Unloading 3915 unused Assets / (1.1 MB). Loaded Objects now: 4510.
Memory consumption went from 95.0 MB to 93.9 MB.
2026-08-09T13:44:07.228Z|0x2838|Total: 12.033500 ms (FindLiveObjects: 0.563600 ms CreateObjectMapping: 0.599100 ms MarkObjects: 9.110300 ms  DeleteObjects: 1.758800 ms)

2026-08-09T13:44:07.228Z|0x2838|Prepare: number of updated asset objects reloaded= 0
2026-08-09T13:45:23.076Z|0x2838|========================================================================
2026-08-09T13:45:23.076Z|0x2838|Received Prepare
Could not load signature of PlayerManager:CreatePlayer due to: Could not load file or assembly 'MyLibrary, Version=1.0.0.0, Culture=neutral, PublicKeyToken=null' or one of its dependencies.
Could not load signature of MessageHandler:ByteToType due to: Could not load file or assembly 'MyLibrary, Version=1.0.0.0, Culture=neutral, PublicKeyToken=null' or one of its dependencies.
Could not load signature of MessageHandler:ByteToType due to: Could not load file or assembly 'MyLibrary, Version=1.0.0.0, Culture=neutral, PublicKeyToken=null' or one of its dependencies.
Could not load signature of MessageHandler:HandleOneMessage due to: Could not load file or assembly 'MyLibrary, Version=1.0.0.0, Culture=neutral, PublicKeyToken=null' or one of its dependencies.
2026-08-09T13:45:23.295Z|0x2838|Refreshing native plugins compatible for Editor in 4.41 ms, found 4 plugins.
2026-08-09T13:45:23.296Z|0x2838|Preloading 0 native plugins for Editor in 0.00 ms.
2026-08-09T13:45:23.296Z|0x3e20|Unloading 0 Unused Serialized files (Serialized files now loaded: 0)
2026-08-09T13:45:23.313Z|0x2838|Unloading 3915 unused Assets / (1.0 MB). Loaded Objects now: 4510.
Memory consumption went from 95.0 MB to 94.0 MB.
2026-08-09T13:45:23.313Z|0x2838|Total: 17.166700 ms (FindLiveObjects: 0.711900 ms CreateObjectMapping: 1.918500 ms MarkObjects: 12.460600 ms  DeleteObjects: 2.074100 ms)

2026-08-09T13:45:23.313Z|0x2838|Prepare: number of updated asset objects reloaded= 0
2026-08-09T13:47:03.500Z|0x2838|========================================================================
2026-08-09T13:47:03.500Z|0x2838|Received Prepare
Could not load signature of PlayerManager:CreatePlayer due to: Could not load file or assembly 'MyLibrary, Version=1.0.0.0, Culture=neutral, PublicKeyToken=null' or one of its dependencies.
Could not load signature of MessageHandler:ByteToType due to: Could not load file or assembly 'MyLibrary, Version=1.0.0.0, Culture=neutral, PublicKeyToken=null' or one of its dependencies.
Could not load signature of MessageHandler:ByteToType due to: Could not load file or assembly 'MyLibrary, Version=1.0.0.0, Culture=neutral, PublicKeyToken=null' or one of its dependencies.
Could not load signature of MessageHandler:HandleOneMessage due to: Could not load file or assembly 'MyLibrary, Version=1.0.0.0, Culture=neutral, PublicKeyToken=null' or one of its dependencies.
2026-08-09T13:47:03.659Z|0x2838|Refreshing native plugins compatible for Editor in 3.52 ms, found 4 plugins.
2026-08-09T13:47:03.659Z|0x2838|Preloading 0 native plugins for Editor in 0.00 ms.
2026-08-09T13:47:03.659Z|0x3e20|Unloading 0 Unused Serialized files (Serialized files now loaded: 0)
2026-08-09T13:47:03.673Z|0x2838|Unloading 3915 unused Assets / (1.3 MB). Loaded Objects now: 4510.
Memory consumption went from 95.0 MB to 93.7 MB.
2026-08-09T13:47:03.673Z|0x2838|Total: 13.910800 ms (FindLiveObjects: 0.607400 ms CreateObjectMapping: 0.617600 ms MarkObjects: 10.969900 ms  DeleteObjects: 1.714200 ms)

2026-08-09T13:47:03.673Z|0x2838|Prepare: number of updated asset objects reloaded= 0
2026-08-09T13:48:14.193Z|0x2838|========================================================================
2026-08-09T13:48:14.194Z|0x2838|Received Prepare
2026-08-09T13:48:14.323Z|0x2838|[Licensing::Client] Successfully resolved entitlement details
2026-08-09T13:48:14.859Z|0x2838|Begin MonoManager ReloadAssembly
2026-08-09T13:48:14.889Z|0x2838|[Licensing::Client] Successfully resolved entitlement details
Symbol file LoadedFromMemory is not a mono symbol file
2026-08-09T13:48:32.080Z|0x2838|- Loaded All Assemblies, in 17.221 seconds
2026-08-09T13:48:32.672Z|0x2838|Refreshing native plugins compatible for Editor in 4.55 ms, found 4 plugins.
2026-08-09T13:48:32.815Z|0x2838|Native extension for Android target not found
2026-08-09T13:48:32.823Z|0x2838|Native extension for WindowsStandalone target not found
2026-08-09T13:48:33.243Z|0x2838|[Package Manager] Failed to launch server process. Reason: Unity was launched with the -noUpm command-line argument
2026-08-09T13:48:33.243Z|0x2838|[Package Manager] Unable to send message (not connected to server process).
2026-08-09T13:48:33.243Z|0x2838|[Package Manager] Cannot connect to Unity Package Manager local server
2026-08-09T13:48:33.510Z|0x2838|[Package Manager] Failed to launch server process. Reason: Unity was launched with the -noUpm command-line argument
2026-08-09T13:48:33.510Z|0x2838|[Package Manager] Unable to send message (not connected to server process).
2026-08-09T13:48:33.510Z|0x2838|[Package Manager] Cannot connect to Unity Package Manager local server
2026-08-09T13:48:33.565Z|0x2838|ScheduleIndexationOnStartup MainProcess:False IndexOnStartup:True
Mono: successfully reloaded assembly
2026-08-09T13:48:33.639Z|0x2838|- Finished resetting the current domain, in  0.961 seconds
2026-08-09T13:48:33.640Z|0x2838|Domain Reload Profiling: 18178ms
	BeginReloadAssembly (2183ms)
		ExecutionOrderSort (0ms)
		DisableScriptedObjects (94ms)
		BackupInstance (0ms)
		ReleaseScriptingObjects (1ms)
		CreateAndSetChildDomain (619ms)
	RebuildCommonClasses (286ms)
	RebuildNativeTypeToScriptingClass (43ms)
	initialDomainReloadingComplete (218ms)
	LoadAllAssembliesAndSetupDomain (14486ms)
		LoadAssemblies (14906ms)
		RebuildTransferFunctionScriptingTraits (0ms)
		AnalyzeDomain (550ms)
			TypeCache.Refresh (162ms)
				TypeCache.ScanAssembly (108ms)
			BuildScriptInfoCaches (358ms)
			ResolveRequiredComponents (12ms)
	FinalizeReload (961ms)
		ReleaseScriptCaches (0ms)
		RebuildScriptCaches (0ms)
		SetupLoadedEditorAssemblies (789ms)
			LogAssemblyErrors (0ms)
			InitializePlatformSupportModulesInManaged (14ms)
			SetLoadedEditorAssemblies (10ms)
			BeforeProcessingInitializeOnLoad (252ms)
			ProcessInitializeOnLoadAttributes (428ms)
			ProcessInitializeOnLoadMethodAttributes (71ms)
			AfterProcessingInitializeOnLoad (13ms)
			EditorAssembliesLoaded (0ms)
		ExecutionOrderSort2 (0ms)
		AwakeInstancesAfterBackupRestoration (8ms)
2026-08-09T13:48:33.671Z|0x2838|Refreshing native plugins compatible for Editor in 3.69 ms, found 4 plugins.
2026-08-09T13:48:33.671Z|0x2838|Preloading 0 native plugins for Editor in 0.00 ms.
2026-08-09T13:48:33.674Z|0x2d3c|Unloading 0 Unused Serialized files (Serialized files now loaded: 0)
2026-08-09T13:48:33.682Z|0x2838|Unloading 3927 unused Assets / (1.2 MB). Loaded Objects now: 4511.
Memory consumption went from 96.5 MB to 95.3 MB.
2026-08-09T13:48:33.682Z|0x2838|Total: 8.467500 ms (FindLiveObjects: 0.651900 ms CreateObjectMapping: 0.608400 ms MarkObjects: 5.657100 ms  DeleteObjects: 1.546900 ms)

2026-08-09T13:48:33.682Z|0x2838|Prepare: number of updated asset objects reloaded= 0
